Archive member included because of file (symbol)

c:/altera/11.1sp2/nios2eds/bin/gnu/h-i686-mingw32/bin/../lib/gcc/nios2-elf/4.1.2/mno-hw-mul\libgcc.a(lib2-divmod.o)
                              obj/default/ledos/fatfs/ff.o (__udivsi3)
c:/altera/11.1sp2/nios2eds/bin/gnu/h-i686-mingw32/bin/../lib/gcc/nios2-elf/4.1.2/mno-hw-mul\libgcc.a(lib2-mul.o)
                              obj/default/ledos/fatfs/ff.o (__mulsi3)
c:/altera/11.1sp2/nios2eds/bin/gnu/h-i686-mingw32/bin/../lib/gcc/nios2-elf/4.1.2/../../../../nios2-elf/lib/mno-hw-mul\libc.a(lib_a-printf.o)
                              obj/default/ledos/shell/bash.o (printf)
c:/altera/11.1sp2/nios2eds/bin/gnu/h-i686-mingw32/bin/../lib/gcc/nios2-elf/4.1.2/../../../../nios2-elf/lib/mno-hw-mul\libc.a(lib_a-strcasecmp.o)
                              obj/default/ledos/shell/bash.o (strcasecmp)
c:/altera/11.1sp2/nios2eds/bin/gnu/h-i686-mingw32/bin/../lib/gcc/nios2-elf/4.1.2/../../../../nios2-elf/lib/mno-hw-mul\libc.a(lib_a-strpbrk.o)
                              obj/default/ledos/shell/shell.o (strpbrk)
c:/altera/11.1sp2/nios2eds/bin/gnu/h-i686-mingw32/bin/../lib/gcc/nios2-elf/4.1.2/../../../../nios2-elf/lib/mno-hw-mul\libc.a(lib_a-strspn.o)
                              obj/default/ledos/shell/shell.o (strspn)
c:/altera/11.1sp2/nios2eds/bin/gnu/h-i686-mingw32/bin/../lib/gcc/nios2-elf/4.1.2/../../../../nios2-elf/lib/mno-hw-mul\libc.a(lib_a-vfprintf.o)
                              c:/altera/11.1sp2/nios2eds/bin/gnu/h-i686-mingw32/bin/../lib/gcc/nios2-elf/4.1.2/../../../../nios2-elf/lib/mno-hw-mul\libc.a(lib_a-printf.o) (___vfprintf_internal_r)
c:/altera/11.1sp2/nios2eds/bin/gnu/h-i686-mingw32/bin/../lib/gcc/nios2-elf/4.1.2/../../../../nios2-elf/lib/mno-hw-mul\libc.a(lib_a-wsetup.o)
                              c:/altera/11.1sp2/nios2eds/bin/gnu/h-i686-mingw32/bin/../lib/gcc/nios2-elf/4.1.2/../../../../nios2-elf/lib/mno-hw-mul\libc.a(lib_a-vfprintf.o) (__swsetup_r)
c:/altera/11.1sp2/nios2eds/bin/gnu/h-i686-mingw32/bin/../lib/gcc/nios2-elf/4.1.2/../../../../nios2-elf/lib/mno-hw-mul\libc.a(lib_a-ctype_.o)
                              c:/altera/11.1sp2/nios2eds/bin/gnu/h-i686-mingw32/bin/../lib/gcc/nios2-elf/4.1.2/../../../../nios2-elf/lib/mno-hw-mul\libc.a(lib_a-strcasecmp.o) (__ctype_ptr)
c:/altera/11.1sp2/nios2eds/bin/gnu/h-i686-mingw32/bin/../lib/gcc/nios2-elf/4.1.2/../../../../nios2-elf/lib/mno-hw-mul\libc.a(lib_a-dtoa.o)
                              c:/altera/11.1sp2/nios2eds/bin/gnu/h-i686-mingw32/bin/../lib/gcc/nios2-elf/4.1.2/../../../../nios2-elf/lib/mno-hw-mul\libc.a(lib_a-vfprintf.o) (_dtoa_r)
c:/altera/11.1sp2/nios2eds/bin/gnu/h-i686-mingw32/bin/../lib/gcc/nios2-elf/4.1.2/../../../../nios2-elf/lib/mno-hw-mul\libc.a(lib_a-fflush.o)
                              c:/altera/11.1sp2/nios2eds/bin/gnu/h-i686-mingw32/bin/../lib/gcc/nios2-elf/4.1.2/../../../../nios2-elf/lib/mno-hw-mul\libc.a(lib_a-vfprintf.o) (_fflush_r)
c:/altera/11.1sp2/nios2eds/bin/gnu/h-i686-mingw32/bin/../lib/gcc/nios2-elf/4.1.2/../../../../nios2-elf/lib/mno-hw-mul\libc.a(lib_a-findfp.o)
                              c:/altera/11.1sp2/nios2eds/bin/gnu/h-i686-mingw32/bin/../lib/gcc/nios2-elf/4.1.2/../../../../nios2-elf/lib/mno-hw-mul\libc.a(lib_a-vfprintf.o) (__sinit)
c:/altera/11.1sp2/nios2eds/bin/gnu/h-i686-mingw32/bin/../lib/gcc/nios2-elf/4.1.2/../../../../nios2-elf/lib/mno-hw-mul\libc.a(lib_a-freer.o)
                              c:/altera/11.1sp2/nios2eds/bin/gnu/h-i686-mingw32/bin/../lib/gcc/nios2-elf/4.1.2/../../../../nios2-elf/lib/mno-hw-mul\libc.a(lib_a-wsetup.o) (_free_r)
c:/altera/11.1sp2/nios2eds/bin/gnu/h-i686-mingw32/bin/../lib/gcc/nios2-elf/4.1.2/../../../../nios2-elf/lib/mno-hw-mul\libc.a(lib_a-fvwrite.o)
                              c:/altera/11.1sp2/nios2eds/bin/gnu/h-i686-mingw32/bin/../lib/gcc/nios2-elf/4.1.2/../../../../nios2-elf/lib/mno-hw-mul\libc.a(lib_a-vfprintf.o) (__sfvwrite_r)
c:/altera/11.1sp2/nios2eds/bin/gnu/h-i686-mingw32/bin/../lib/gcc/nios2-elf/4.1.2/../../../../nios2-elf/lib/mno-hw-mul\libc.a(lib_a-fwalk.o)
                              c:/altera/11.1sp2/nios2eds/bin/gnu/h-i686-mingw32/bin/../lib/gcc/nios2-elf/4.1.2/../../../../nios2-elf/lib/mno-hw-mul\libc.a(lib_a-fflush.o) (_fwalk_reent)
c:/altera/11.1sp2/nios2eds/bin/gnu/h-i686-mingw32/bin/../lib/gcc/nios2-elf/4.1.2/../../../../nios2-elf/lib/mno-hw-mul\libc.a(lib_a-impure.o)
                              c:/altera/11.1sp2/nios2eds/bin/gnu/h-i686-mingw32/bin/../lib/gcc/nios2-elf/4.1.2/../../../../nios2-elf/lib/mno-hw-mul\libc.a(lib_a-printf.o) (_impure_ptr)
c:/altera/11.1sp2/nios2eds/bin/gnu/h-i686-mingw32/bin/../lib/gcc/nios2-elf/4.1.2/../../../../nios2-elf/lib/mno-hw-mul\libc.a(lib_a-locale.o)
                              c:/altera/11.1sp2/nios2eds/bin/gnu/h-i686-mingw32/bin/../lib/gcc/nios2-elf/4.1.2/../../../../nios2-elf/lib/mno-hw-mul\libc.a(lib_a-vfprintf.o) (_localeconv_r)
[...]
Memory Configuration

Name             Origin             Length             Attributes
reset            0x00800000         0x00000020
sdram            0x00800020         0x007fffe0
*default*        0x00000000         0xffffffff

Linker script and memory map

LOAD D:/WorK/Synesthesia/wxp/synesthesia/sw_wxp/de1_limbus_bsp//obj/HAL/src/crt0.o
LOAD obj/default/ledos/codec/codec.o
LOAD obj/default/ledos/cortex/acortex/acortex.o
LOAD obj/default/ledos/cortex/acortex/dac/dac_drvr.o
LOAD obj/default/ledos/cortex/acortex/i2c/i2c_drvr.o
LOAD obj/default/ledos/cortex/acortex/prsr/prsr.o
LOAD obj/default/ledos/cortex/acortex/sram/sram.o
LOAD obj/default/ledos/cortex/cortex.o
LOAD obj/default/ledos/cortex/fgyrus/fgyrus.o
LOAD obj/default/ledos/cortex/vcortex/vcortex.o
LOAD obj/default/ledos/fatfs/diskio.o
LOAD obj/default/ledos/fatfs/ff.o
LOAD obj/default/ledos/fft_cache/fft_cache.o
LOAD obj/default/ledos/ledos.o
LOAD obj/default/ledos/lsd/lsd.o
LOAD obj/default/ledos/shell/bash.o
LOAD obj/default/ledos/shell/shell.o
LOAD obj/default/main.o
LOAD c:/altera/11.1sp2/nios2eds/bin/gnu/h-i686-mingw32/bin/../lib/gcc/nios2-elf/4.1.2/../../../../nios2-elf/lib/mno-hw-mul\libstdc++.a
LOAD c:/altera/11.1sp2/nios2eds/bin/gnu/h-i686-mingw32/bin/../lib/gcc/nios2-elf/4.1.2/../../../../nios2-elf/lib/mno-hw-mul\libm.a
LOAD c:/altera/11.1sp2/nios2eds/bin/gnu/h-i686-mingw32/bin/../lib/gcc/nios2-elf/4.1.2/mno-hw-mul\libgcc.a
START GROUP
LOAD c:/altera/11.1sp2/nios2eds/bin/gnu/h-i686-mingw32/bin/../lib/gcc/nios2-elf/4.1.2/../../../../nios2-elf/lib/mno-hw-mul\libc.a
LOAD c:/altera/11.1sp2/nios2eds/bin/gnu/h-i686-mingw32/bin/../lib/gcc/nios2-elf/4.1.2/mno-hw-mul\libgcc.a
LOAD D:/WorK/Synesthesia/wxp/synesthesia/sw_wxp/de1_limbus_bsp/\libchibios_v240_bsp.a
END GROUP
LOAD c:/altera/11.1sp2/nios2eds/bin/gnu/h-i686-mingw32/bin/../lib/gcc/nios2-elf/4.1.2/mno-hw-mul\libgcc.a
                0x00800000                __alt_mem_sdram = 0x800000

.entry          0x00800000       0x20
 *(.entry)
 .entry         0x00800000       0x20 D:/WorK/Synesthesia/wxp/synesthesia/sw_wxp/de1_limbus_bsp//obj/HAL/src/crt0.o
                0x00800000                __reset

.exceptions     0x00800020      0x1a4
                0x00800020                PROVIDE (__ram_exceptions_start, ABSOLUTE (.))
                0x00800020                . = ALIGN (0x20)
 *(.irq)
 *(.exceptions.entry.label)
 .exceptions.entry.label
                0x00800020        0x0 D:/WorK/Synesthesia/wxp/synesthesia/sw_wxp/de1_limbus_bsp/\libchibios_v240_bsp.a(alt_irq_entry.o)
                0x00800020                alt_irq_entry
 .exceptions.entry.label
                0x00800020        0x0 D:/WorK/Synesthesia/wxp/synesthesia/sw_wxp/de1_limbus_bsp/\libchibios_v240_bsp.a(alt_exception_entry.o)
                0x00800020                alt_exception
 *(.exceptions.entry.user)
 *(.exceptions.entry)
 .exceptions.entry
                0x00800020       0x54 D:/WorK/Synesthesia/wxp/synesthesia/sw_wxp/de1_limbus_bsp/\libchibios_v240_bsp.a(alt_exception_entry.o)
 *(.exceptions.irqtest.user)
 *(.exceptions.irqtest)
 .exceptions.irqtest
                0x00800074       0x10 D:/WorK/Synesthesia/wxp/synesthesia/sw_wxp/de1_limbus_bsp/\libchibios_v240_bsp.a(alt_irq_entry.o)
 *(.exceptions.irqhandler.user)
 *(.exceptions.irqhandler)
 .exceptions.irqhandler
                0x00800084        0x4 D:/WorK/Synesthesia/wxp/synesthesia/sw_wxp/de1_limbus_bsp/\libchibios_v240_bsp.a(alt_irq_entry.o)
 *(.exceptions.irqreturn.user)
 *(.exceptions.irqreturn)
 .exceptions.irqreturn
                0x00800088        0x4 D:/WorK/Synesthesia/wxp/synesthesia/sw_wxp/de1_limbus_bsp/\libchibios_v240_bsp.a(alt_irq_entry.o)
 *(.exceptions.notirq.label)
 .exceptions.notirq.label
                0x0080008c        0x0 D:/WorK/Synesthesia/wxp/synesthesia/sw_wxp/de1_limbus_bsp/\libchibios_v240_bsp.a(alt_irq_entry.o)
 *(.exceptions.notirq.user)
 *(.exceptions.notirq)
 .exceptions.notirq
                0x0080008c        0x8 D:/WorK/Synesthesia/wxp/synesthesia/sw_wxp/de1_limbus_bsp/\libchibios_v240_bsp.a(alt_exception_entry.o)
 *(.exceptions.soft.user)
 *(.exceptions.soft)
 *(.exceptions.unknown.user)
 *(.exceptions.unknown)
 .exceptions.unknown
                0x00800094        0x4 D:/WorK/Synesthesia/wxp/synesthesia/sw_wxp/de1_limbus_bsp/\libchibios_v240_bsp.a(alt_exception_entry.o)
 *(.exceptions.exit.label)
 .exceptions.exit.label
                0x00800098        0x0 D:/WorK/Synesthesia/wxp/synesthesia/sw_wxp/de1_limbus_bsp/\libchibios_v240_bsp.a(alt_irq_entry.o)
 .exceptions.exit.label
                0x00800098        0x0 D:/WorK/Synesthesia/wxp/synesthesia/sw_wxp/de1_limbus_bsp/\libchibios_v240_bsp.a(alt_exception_entry.o)
 *(.exceptions.exit.user)
 *(.exceptions.exit)
 .exceptions.exit
                0x00800098       0x54 D:/WorK/Synesthesia/wxp/synesthesia/sw_wxp/de1_limbus_bsp/\libchibios_v240_bsp.a(alt_exception_entry.o)
 *(.exceptions)
 .exceptions    0x008000ec       0xd8 D:/WorK/Synesthesia/wxp/synesthesia/sw_wxp/de1_limbus_bsp/\libchibios_v240_bsp.a(alt_irq_handler.o)
                0x008000ec                alt_irq_handler
                0x008001c4                PROVIDE (__ram_exceptions_end, ABSOLUTE (.))
                0x00800020                PROVIDE (__flash_exceptions_start, LOADADDR (.exceptions))

.text           0x008001c4    0x17264
                0x008001c4                PROVIDE (stext, ABSOLUTE (.))
 *(.interp)
 *(.hash)
 *(.dynsym)
 *(.dynstr)
 *(.gnu.version)
 *(.gnu.version_d)
 *(.gnu.version_r)
 *(.rel.init)
 *(.rela.init)
 *(.rel.text .rel.text.* .rel.gnu.linkonce.t.*)
 *(.rela.text .rela.text.* .rela.gnu.linkonce.t.*)
 *(.rel.fini)
 *(.rela.fini)
 *(.rel.rodata .rel.rodata.* .rel.gnu.linkonce.r.*)
 *(.rela.rodata .rela.rodata.* .rela.gnu.linkonce.r.*)
 *(.rel.data .rel.data.* .rel.gnu.linkonce.d.*)
 *(.rela.data .rela.data.* .rela.gnu.linkonce.d.*)
 *(.rel.tdata .rel.tdata.* .rel.gnu.linkonce.td.*)
 *(.rela.tdata .rela.tdata.* .rela.gnu.linkonce.td.*)
 *(.rel.tbss .rel.tbss.* .rel.gnu.linkonce.tb.*)
 *(.rela.tbss .rela.tbss.* .rela.gnu.linkonce.tb.*)
 *(.rel.ctors)
 *(.rela.ctors)
 *(.rel.dtors)
 *(.rela.dtors)
 *(.rel.got)
 *(.rela.got)
 *(.rel.sdata .rel.sdata.* .rel.gnu.linkonce.s.*)
 *(.rela.sdata .rela.sdata.* .rela.gnu.linkonce.s.*)
 *(.rel.sbss .rel.sbss.* .rel.gnu.linkonce.sb.*)
 *(.rela.sbss .rela.sbss.* .rela.gnu.linkonce.sb.*)
 *(.rel.sdata2 .rel.sdata2.* .rel.gnu.linkonce.s2.*)
 *(.rela.sdata2 .rela.sdata2.* .rela.gnu.linkonce.s2.*)
 *(.rel.sbss2 .rel.sbss2.* .rel.gnu.linkonce.sb2.*)
 *(.rela.sbss2 .rela.sbss2.* .rela.gnu.linkonce.sb2.*)
 *(.rel.bss .rel.bss.* .rel.gnu.linkonce.b.*)
 *(.rela.bss .rela.bss.* .rela.gnu.linkonce.b.*)
 *(.rel.plt)
 *(.rela.plt)
 *(.rel.dyn)
 *(.init)
 *(.plt)
 *(.text .stub .text.* .gnu.linkonce.t.*)
 .text          0x008001c4       0x3c D:/WorK/Synesthesia/wxp/synesthesia/sw_wxp/de1_limbus_bsp//obj/HAL/src/crt0.o
                0x008001c4                _start
 .text          0x00800200      0x43c obj/default/ledos/codec/codec.o
                0x00800200                codec_dump_regs
                0x00800260                codec_config_reg
                0x008002b0                codec_iwl_update
                0x008002c4                codec_sr_update
                0x008002d8                codec_adc_pwr_dwn_n_up
                0x008002ec                codec_adc_hpf_enable
                0x00800300                codec_lineout_pwr_dwn_n_up
                0x00800314                codec_linein_pwr_dwn_n_up
                0x00800328                codec_pwr_off_n_on
                0x0080033c                codec_dac_inactivate
                0x008003a0                codec_dac_activate
                0x00800404                codec_dsp_if_inactivate
                0x00800418                codec_dsp_if_activate
                0x0080042c                codec_reset
                0x0080049c                codec_init
 .text          0x0080063c      0x1ec obj/default/ledos/cortex/acortex/acortex.o
                0x0080063c                acortex_aud_src_sel
                0x00800650                reset_acortex
                0x00800668                acortex_init
                0x008006dc                adc_cap
 .text          0x00800828      0x164 obj/default/ledos/cortex/acortex/dac/dac_drvr.o
                0x00800828                update_fs_div
                0x00800854                disable_mclk
                0x00800868                enable_mclk
                0x00800884                update_mclk
                0x008008dc                configure_dac_drvr_bps
                0x00800914                enable_adc_drvr
                0x00800930                disable_adc_drvr
                0x00800950                enable_dac_drvr
                0x0080096c                disable_dac_drvr
 .text          0x0080098c      0x12c obj/default/ledos/cortex/acortex/i2c/i2c_drvr.o
                0x0080098c                get_i2c_clk
                0x008009a4                is_busy
                0x008009c0                get_i2c_status
                0x008009f0                configure_i2c_clk
                0x00800a08                i2c_xtn_write16
 .text          0x00800ab8       0xfc obj/default/ledos/cortex/acortex/prsr/prsr.o
                0x00800ab8                prsr_get_bytes_read
                0x00800ae8                prsr_hdr_ram_read16
                0x00800b14                get_wav_hdr_frm_prsr
                0x00800b88                prsr_disable
                0x00800b9c                prsr_enable
 .text          0x00800bb4       0xb0 obj/default/ledos/cortex/acortex/sram/sram.o
                0x00800bb4                sram_write16
                0x00800c0c                sram_read16
 .text          0x00800c64       0x6c obj/default/ledos/cortex/cortex.o
                0x00800c64                cortex_init
 .text          0x00800cd0       0x9c obj/default/ledos/cortex/fgyrus/fgyrus.o
                0x00800cd0                get_full_fgyrus_addr
                0x00800ce4                get_fgyrus_status
                0x00800d04                configure_post_norm
                0x00800d20                disable_fgyrus
                0x00800d34                enable_fgyrus
                0x00800d4c                get_fgyrus_fsm_pstate
 .text          0x00800d6c       0x54 obj/default/ledos/cortex/vcortex/vcortex.o
                0x00800d6c                pwm_paint
                0x00800d9c                disable_vcortex
                0x00800dac                enable_vcortex
 .text          0x00800dc0      0x9d8 obj/default/ledos/fatfs/diskio.o
                0x00800dc0                disk_timerproc
                0x00800dc4                init_port
                0x00800ddc                wait_on_spi
                0x00800f10                dly_us
                0x0080124c                disk_initialize
                0x008013e4                disk_status
                0x00801448                disk_ioctl
                0x008015a4                disk_write
                0x008016b0                disk_read
 .text          0x00801798     0x3484 obj/default/ledos/fatfs/ff.o
                0x008017d8                clust2sect
                0x0080191c                f_mount
                0x00801948                f_chdrive
                0x00801960                get_fattime
                0x00801968                decode_fres
                0x0080224c                put_fat
                0x00802424                get_fat
                0x008025a8                f_getfree
                0x00802784                f_read
                0x00802c88                f_lseek
                0x00802eb8                f_write
                0x00803484                f_readdir
                0x0080353c                f_getcwd
                0x00803bb8                f_stat
                0x00803c40                f_opendir
                0x00803d04                f_chdir
                0x00803e8c                f_truncate
                0x008040c8                f_rename
                0x008042d8                f_utime
                0x008043ac                f_chmod
                0x00804480                f_unlink
                0x008045fc                f_sync
                0x008046f4                f_close
                0x00804720                f_open
                0x00804988                f_mkdir
 .text          0x00804c1c       0x58 obj/default/ledos/fft_cache/fft_cache.o
                0x00804c1c                read_fft_cache
 .text          0x00804c74      0x5c8 obj/default/ledos/ledos.o
                0x00804c74                update_aud_bytes_read
                0x00804c88                byte_swap16
                0x00804ca8                byte_swap32
                0x00804cd8                chk_wav_hdr
                0x00804d84                prep_cortex
                0x00804ea4                printf_wave_hdr
                0x00804fa0                wave_parse
                0x0080504c                splash_ledos
                0x00805168                init_ledos
 .text          0x0080523c       0x34 obj/default/ledos/lsd/lsd.o
                0x00805264                get_acid_box
 .text          0x00805270      0xb08 obj/default/ledos/shell/bash.o
                0x00805270                get_usr_bash_config
                0x00805278                init_bash
                0x008052c0                update_acid
                0x00805cb8                acidThreadCreateStatic
                0x00805cdc                acid_thread
 .text          0x00805d78      0x594 obj/default/ledos/shell/shell.o
                0x00805d78                shellInit
                0x00805dd4                shellGetLine
                0x00805ec4                shellCreateStatic
                0x008062e4                shellCreate
 .text          0x0080630c       0x2c obj/default/main.o
                0x0080630c                main
 .text          0x00806338      0x14c c:/altera/11.1sp2/nios2eds/bin/gnu/h-i686-mingw32/bin/../lib/gcc/nios2-elf/4.1.2/mno-hw-mul\libgcc.a(lib2-divmod.o)
                0x008063b4                __divsi3
                0x00806414                __modsi3
                0x00806474                __udivsi3
                0x0080647c                __umodsi3
 .text          0x00806484       0x38 c:/altera/11.1sp2/nios2eds/bin/gnu/h-i686-mingw32/bin/../lib/gcc/nios2-elf/4.1.2/mno-hw-mul\libgcc.a(lib2-mul.o)
                0x00806484                __mulsi3
 .text          0x008064bc       0x78 c:/altera/11.1sp2/nios2eds/bin/gnu/h-i686-mingw32/bin/../lib/gcc/nios2-elf/4.1.2/../../../../nios2-elf/lib/mno-hw-mul\libc.a(lib_a-printf.o)
                0x008064bc                printf
                0x00806500                _printf_r
 .text          0x00806534       0xb0 c:/altera/11.1sp2/nios2eds/bin/gnu/h-i686-mingw32/bin/../lib/gcc/nios2-elf/4.1.2/../../../../nios2-elf/lib/mno-hw-mul\libc.a(lib_a-strcasecmp.o)
                0x00806534                strcasecmp
 .text          0x008065e4       0x50 c:/altera/11.1sp2/nios2eds/bin/gnu/h-i686-mingw32/bin/../lib/gcc/nios2-elf/4.1.2/../../../../nios2-elf/lib/mno-hw-mul\libc.a(lib_a-strpbrk.o)
                0x008065e4                strpbrk
 .text          0x00806634       0x58 c:/altera/11.1sp2/nios2eds/bin/gnu/h-i686-mingw32/bin/../lib/gcc/nios2-elf/4.1.2/../../../../nios2-elf/lib/mno-hw-mul\libc.a(lib_a-strspn.o)
                0x00806634                strspn
 .text          0x0080668c     0x1f40 c:/altera/11.1sp2/nios2eds/bin/gnu/h-i686-mingw32/bin/../lib/gcc/nios2-elf/4.1.2/../../../../nios2-elf/lib/mno-hw-mul\libc.a(lib_a-vfprintf.o)
                0x008066e4                ___vfprintf_internal_r
                0x008085a8                __vfprintf_internal
 .text          0x008085cc      0x13c c:/altera/11.1sp2/nios2eds/bin/gnu/h-i686-mingw32/bin/../lib/gcc/nios2-elf/4.1.2/../../../../nios2-elf/lib/mno-hw-mul\libc.a(lib_a-wsetup.o)
                0x008085cc                __swsetup_r
 .text          0x00808708        0x0 c:/altera/11.1sp2/nios2eds/bin/gnu/h-i686-mingw32/bin/../lib/gcc/nios2-elf/4.1.2/../../../../nios2-elf/lib/mno-hw-mul\libc.a(lib_a-ctype_.o)
 .text          0x00808708     0x17f8 c:/altera/11.1sp2/nios2eds/bin/gnu/h-i686-mingw32/bin/../lib/gcc/nios2-elf/4.1.2/../../../../nios2-elf/lib/mno-hw-mul\libc.a(lib_a-dtoa.o)
                0x0080894c                _dtoa_r
 .text          0x00809f00      0x230 c:/altera/11.1sp2/nios2eds/bin/gnu/h-i686-mingw32/bin/../lib/gcc/nios2-elf/4.1.2/../../../../nios2-elf/lib/mno-hw-mul\libc.a(lib_a-fflush.o)
                0x00809f00                _fflush_r
                0x0080a0fc                fflush
 .text          0x0080a130      0x2f4 c:/altera/11.1sp2/nios2eds/bin/gnu/h-i686-mingw32/bin/../lib/gcc/nios2-elf/4.1.2/../../../../nios2-elf/lib/mno-hw-mul\libc.a(lib_a-findfp.o)
                0x0080a188                __sfp_lock_acquire
                0x0080a18c                __sfp_lock_release
                0x0080a190                __sinit_lock_acquire
                0x0080a194                __sinit_lock_release
                0x0080a198                __sinit
                0x0080a24c                __fp_unlock_all
                0x0080a264                __fp_lock_all
                0x0080a27c                _cleanup_r
                0x0080a288                _cleanup
                0x0080a298                __sfmoreglue
                0x0080a334                __sfp
 .text          0x0080a424      0x440 c:/altera/11.1sp2/nios2eds/bin/gnu/h-i686-mingw32/bin/../lib/gcc/nios2-elf/4.1.2/../../../../nios2-elf/lib/mno-hw-mul\libc.a(lib_a-freer.o)
                0x0080a424                _malloc_trim_r
                0x0080a550                _free_r
 .text          0x0080a864      0x49c c:/altera/11.1sp2/nios2eds/bin/gnu/h-i686-mingw32/bin/../lib/gcc/nios2-elf/4.1.2/../../../../nios2-elf/lib/mno-hw-mul\libc.a(lib_a-fvwrite.o)
                0x0080a864                __sfvwrite_r
 .text          0x0080ad00      0x180 c:/altera/11.1sp2/nios2eds/bin/gnu/h-i686-mingw32/bin/../lib/gcc/nios2-elf/4.1.2/../../../../nios2-elf/lib/mno-hw-mul\libc.a(lib_a-fwalk.o)
                0x0080ad00                _fwalk_reent
                0x0080adc8                _fwalk
 .text          0x0080ae80        0x0 c:/altera/11.1sp2/nios2eds/bin/gnu/h-i686-mingw32/bin/../lib/gcc/nios2-elf/4.1.2/../../../../nios2-elf/lib/mno-hw-mul\libc.a(lib_a-impure.o)
 .text          0x0080ae80       0xc4 c:/altera/11.1sp2/nios2eds/bin/gnu/h-i686-mingw32/bin/../lib/gcc/nios2-elf/4.1.2/../../../../nios2-elf/lib/mno-hw-mul\libc.a(lib_a-locale.o)
                0x0080ae80                __locale_charset
                0x0080ae88                _localeconv_r
                0x0080ae94                localeconv
                0x0080aea4                _setlocale_r
                0x0080af28                setlocale
 .text          0x0080af44      0x194 c:/altera/11.1sp2/nios2eds/bin/gnu/h-i686-mingw32/bin/../lib/gcc/nios2-elf/4.1.2/../../../../nios2-elf/lib/mno-hw-mul\libc.a(lib_a-makebuf.o)
                0x0080af44                __smakebuf_r
 .text          0x0080b0d8      0x740 c:/altera/11.1sp2/nios2eds/bin/gnu/h-i686-mingw32/bin/../lib/gcc/nios2-elf/4.1.2/../../../../nios2-elf/lib/mno-hw-mul\libc.a(lib_a-mallocr.o)
                0x0080b0d8                _malloc_r
 .text          0x0080b818       0xe4 c:/altera/11.1sp2/nios2eds/bin/gnu/h-i686-mingw32/bin/../lib/gcc/nios2-elf/4.1.2/../../../../nios2-elf/lib/mno-hw-mul\libc.a(lib_a-memchr.o)
                0x0080b818                memchr
 .text          0x0080b8fc       0xa0 c:/altera/11.1sp2/nios2eds/bin/gnu/h-i686-mingw32/bin/../lib/gcc/nios2-elf/4.1.2/../../../../nios2-elf/lib/mno-hw-mul\libc.a(lib_a-memcpy.o)
                0x0080b8fc                memcpy
 .text          0x0080b99c       0xe0 c:/altera/11.1sp2/nios2eds/bin/gnu/h-i686-mingw32/bin/../lib/gcc/nios2-elf/4.1.2/../../../../nios2-elf/lib/mno-hw-mul\libc.a(lib_a-memmove.o)
                0x0080b99c                memmove
 .text          0x0080ba7c       0x98 c:/altera/11.1sp2/nios2eds/bin/gnu/h-i686-mingw32/bin/../lib/gcc/nios2-elf/4.1.2/../../../../nios2-elf/lib/mno-hw-mul\libc.a(lib_a-memset.o)
                0x0080ba7c                memset
 .text          0x0080bb14     0x108c c:/altera/11.1sp2/nios2eds/bin/gnu/h-i686-mingw32/bin/../lib/gcc/nios2-elf/4.1.2/../../../../nios2-elf/lib/mno-hw-mul\libc.a(lib_a-mprec.o)
                0x0080bb14                _Bfree
                0x0080bb3c                __hi0bits
                0x0080bbac                __lo0bits
                0x0080bc70                __mcmp
                0x0080bcd0                __ulp
                0x0080bd50                __b2d
                0x0080be70                __ratio
                0x0080bf20                _mprec_log10
                0x0080bfb4                __copybits
                0x0080c00c                __any_on
                0x0080c094                _Balloc
                0x0080c150                __d2b
                0x0080c2cc                __mdiff
                0x0080c458                __lshift
                0x0080c5a4                __multiply
                0x0080c7f8                __i2b
                0x0080c834                __multadd
                0x0080c960                __pow5mult
                0x0080ca80                __s2b
 .text          0x0080cba0      0x5f4 c:/altera/11.1sp2/nios2eds/bin/gnu/h-i686-mingw32/bin/../lib/gcc/nios2-elf/4.1.2/../../../../nios2-elf/lib/mno-hw-mul\libc.a(lib_a-reallocr.o)
                0x0080cba0                _realloc_r
 .text          0x0080d194       0x40 c:/altera/11.1sp2/nios2eds/bin/gnu/h-i686-mingw32/bin/../lib/gcc/nios2-elf/4.1.2/../../../../nios2-elf/lib/mno-hw-mul\libc.a(lib_a-s_isinfd.o)
                0x0080d194                __isinfd
 .text          0x0080d1d4       0x30 c:/altera/11.1sp2/nios2eds/bin/gnu/h-i686-mingw32/bin/../lib/gcc/nios2-elf/4.1.2/../../../../nios2-elf/lib/mno-hw-mul\libc.a(lib_a-s_isnand.o)
                0x0080d1d4                __isnand
 .text          0x0080d204       0x70 c:/altera/11.1sp2/nios2eds/bin/gnu/h-i686-mingw32/bin/../lib/gcc/nios2-elf/4.1.2/../../../../nios2-elf/lib/mno-hw-mul\libc.a(lib_a-sbrkr.o)
                0x0080d204                _sbrk_r
 .text          0x0080d274      0x14c c:/altera/11.1sp2/nios2eds/bin/gnu/h-i686-mingw32/bin/../lib/gcc/nios2-elf/4.1.2/../../../../nios2-elf/lib/mno-hw-mul\libc.a(lib_a-stdio.o)
                0x0080d274                __sclose
                0x0080d27c                __sseek
                0x0080d2e4                __swrite
                0x0080d360                __sread
 .text          0x0080d3c0       0xbc c:/altera/11.1sp2/nios2eds/bin/gnu/h-i686-mingw32/bin/../lib/gcc/nios2-elf/4.1.2/../../../../nios2-elf/lib/mno-hw-mul\libc.a(lib_a-strcmp.o)
                0x0080d3c0                strcmp
 .text          0x0080d47c       0x74 c:/altera/11.1sp2/nios2eds/bin/gnu/h-i686-mingw32/bin/../lib/gcc/nios2-elf/4.1.2/../../../../nios2-elf/lib/mno-hw-mul\libc.a(lib_a-strlen.o)
                0x0080d47c                strlen
 .text          0x0080d4f0       0x78 c:/altera/11.1sp2/nios2eds/bin/gnu/h-i686-mingw32/bin/../lib/gcc/nios2-elf/4.1.2/../../../../nios2-elf/lib/mno-hw-mul\libc.a(lib_a-writer.o)
                0x0080d4f0                _write_r
 .text          0x0080d568       0xc8 c:/altera/11.1sp2/nios2eds/bin/gnu/h-i686-mingw32/bin/../lib/gcc/nios2-elf/4.1.2/../../../../nios2-elf/lib/mno-hw-mul\libc.a(lib_a-callocr.o)
                0x0080d568                _calloc_r
 .text          0x0080d630       0x70 c:/altera/11.1sp2/nios2eds/bin/gnu/h-i686-mingw32/bin/../lib/gcc/nios2-elf/4.1.2/../../../../nios2-elf/lib/mno-hw-mul\libc.a(lib_a-closer.o)
                0x0080d630                _close_r
 .text          0x0080d6a0      0x124 c:/altera/11.1sp2/nios2eds/bin/gnu/h-i686-mingw32/bin/../lib/gcc/nios2-elf/4.1.2/../../../../nios2-elf/lib/mno-hw-mul\libc.a(lib_a-fclose.o)
                0x0080d6a0                _fclose_r
                0x0080d7b0                fclose
 .text          0x0080d7c4       0x74 c:/altera/11.1sp2/nios2eds/bin/gnu/h-i686-mingw32/bin/../lib/gcc/nios2-elf/4.1.2/../../../../nios2-elf/lib/mno-hw-mul\libc.a(lib_a-fstatr.o)
                0x0080d7c4                _fstat_r
 .text          0x0080d838        0x0 c:/altera/11.1sp2/nios2eds/bin/gnu/h-i686-mingw32/bin/../lib/gcc/nios2-elf/4.1.2/../../../../nios2-elf/lib/mno-hw-mul\libc.a(lib_a-int_errno.o)
 .text          0x0080d838       0x70 c:/altera/11.1sp2/nios2eds/bin/gnu/h-i686-mingw32/bin/../lib/gcc/nios2-elf/4.1.2/../../../../nios2-elf/lib/mno-hw-mul\libc.a(lib_a-isattyr.o)
                0x0080d838                _isatty_r
 .text          0x0080d8a8       0x78 c:/altera/11.1sp2/nios2eds/bin/gnu/h-i686-mingw32/bin/../lib/gcc/nios2-elf/4.1.2/../../../../nios2-elf/lib/mno-hw-mul\libc.a(lib_a-lseekr.o)
                0x0080d8a8                _lseek_r
 .text          0x0080d920       0x78 c:/altera/11.1sp2/nios2eds/bin/gnu/h-i686-mingw32/bin/../lib/gcc/nios2-elf/4.1.2/../../../../nios2-elf/lib/mno-hw-mul\libc.a(lib_a-readr.o)
                0x0080d920                _read_r
 .text          0x0080d998      0x66c c:/altera/11.1sp2/nios2eds/bin/gnu/h-i686-mingw32/bin/../lib/gcc/nios2-elf/4.1.2/mno-hw-mul\libgcc.a(_udivdi3.o)
                0x0080d998                __udivdi3
 .text          0x0080e004      0x660 c:/altera/11.1sp2/nios2eds/bin/gnu/h-i686-mingw32/bin/../lib/gcc/nios2-elf/4.1.2/mno-hw-mul\libgcc.a(_umoddi3.o)
                0x0080e004                __umoddi3
 .text          0x0080e664      0x504 c:/altera/11.1sp2/nios2eds/bin/gnu/h-i686-mingw32/bin/../lib/gcc/nios2-elf/4.1.2/mno-hw-mul\libgcc.a(_addsub_df.o)
                0x0080ea74                __subdf3
                0x0080eaf4                __adddf3
 .text          0x0080eb68      0x3c4 c:/altera/11.1sp2/nios2eds/bin/gnu/h-i686-mingw32/bin/../lib/gcc/nios2-elf/4.1.2/mno-hw-mul\libgcc.a(_mul_df.o)
                0x0080eb68                __muldf3
 .text          0x0080ef2c      0x258 c:/altera/11.1sp2/nios2eds/bin/gnu/h-i686-mingw32/bin/../lib/gcc/nios2-elf/4.1.2/mno-hw-mul\libgcc.a(_div_df.o)
                0x0080ef2c                __divdf3
 .text          0x0080f184       0x88 c:/altera/11.1sp2/nios2eds/bin/gnu/h-i686-mingw32/bin/../lib/gcc/nios2-elf/4.1.2/mno-hw-mul\libgcc.a(_eq_df.o)
                0x0080f184                __eqdf2
 .text          0x0080f20c       0x88 c:/altera/11.1sp2/nios2eds/bin/gnu/h-i686-mingw32/bin/../lib/gcc/nios2-elf/4.1.2/mno-hw-mul\libgcc.a(_ne_df.o)
                0x0080f20c                __nedf2
 .text          0x0080f294       0x88 c:/altera/11.1sp2/nios2eds/bin/gnu/h-i686-mingw32/bin/../lib/gcc/nios2-elf/4.1.2/mno-hw-mul\libgcc.a(_gt_df.o)
                0x0080f294                __gtdf2
 .text          0x0080f31c       0x88 c:/altera/11.1sp2/nios2eds/bin/gnu/h-i686-mingw32/bin/../lib/gcc/nios2-elf/4.1.2/mno-hw-mul\libgcc.a(_ge_df.o)
                0x0080f31c                __gedf2
 .text          0x0080f3a4       0x88 c:/altera/11.1sp2/nios2eds/bin/gnu/h-i686-mingw32/bin/../lib/gcc/nios2-elf/4.1.2/mno-hw-mul\libgcc.a(_lt_df.o)
                0x0080f3a4                __ltdf2
 .text          0x0080f42c       0xf8 c:/altera/11.1sp2/nios2eds/bin/gnu/h-i686-mingw32/bin/../lib/gcc/nios2-elf/4.1.2/mno-hw-mul\libgcc.a(_si_to_df.o)
                0x0080f42c                __floatsidf
 .text          0x0080f524       0xd8 c:/altera/11.1sp2/nios2eds/bin/gnu/h-i686-mingw32/bin/../lib/gcc/nios2-elf/4.1.2/mno-hw-mul\libgcc.a(_df_to_si.o)
                0x0080f524                __fixdfsi
 .text          0x0080f5fc        0x0 c:/altera/11.1sp2/nios2eds/bin/gnu/h-i686-mingw32/bin/../lib/gcc/nios2-elf/4.1.2/mno-hw-mul\libgcc.a(_thenan_df.o)
 .text          0x0080f5fc      0x194 c:/altera/11.1sp2/nios2eds/bin/gnu/h-i686-mingw32/bin/../lib/gcc/nios2-elf/4.1.2/mno-hw-mul\libgcc.a(_usi_to_df.o)
                0x0080f5fc                __floatunsidf
 .text          0x0080f790      0x124 c:/altera/11.1sp2/nios2eds/bin/gnu/h-i686-mingw32/bin/../lib/gcc/nios2-elf/4.1.2/mno-hw-mul\libgcc.a(_muldi3.o)
                0x0080f790                __muldi3
 .text          0x0080f8b4        0x0 c:/altera/11.1sp2/nios2eds/bin/gnu/h-i686-mingw32/bin/../lib/gcc/nios2-elf/4.1.2/mno-hw-mul\libgcc.a(_clz.o)
 .text          0x0080f8b4       0x80 c:/altera/11.1sp2/nios2eds/bin/gnu/h-i686-mingw32/bin/../lib/gcc/nios2-elf/4.1.2/mno-hw-mul\libgcc.a(_clzsi2.o)
                0x0080f8b4                __clzsi2
 .text          0x0080f934      0x314 c:/altera/11.1sp2/nios2eds/bin/gnu/h-i686-mingw32/bin/../lib/gcc/nios2-elf/4.1.2/mno-hw-mul\libgcc.a(_pack_df.o)
                0x0080f934                __pack_d
 .text          0x0080fc48      0x138 c:/altera/11.1sp2/nios2eds/bin/gnu/h-i686-mingw32/bin/../lib/gcc/nios2-elf/4.1.2/mno-hw-mul\libgcc.a(_unpack_df.o)
                0x0080fc48                __unpack_d
 .text          0x0080fd80       0xc8 c:/altera/11.1sp2/nios2eds/bin/gnu/h-i686-mingw32/bin/../lib/gcc/nios2-elf/4.1.2/mno-hw-mul\libgcc.a(_fpcmp_parts_df.o)
                0x0080fd80                __fpcmp_parts_d
 .text          0x0080fe48      0x32c D:/WorK/Synesthesia/wxp/synesthesia/sw_wxp/de1_limbus_bsp/\libchibios_v240_bsp.a(chdynamic.o)
                0x0080fe48                chThdAddRef
                0x0080feac                chThdRelease
                0x0080ffe0                chThdCreateFromHeap
                0x008100a4                chThdCreateFromMemoryPool
 .text          0x00810174      0xa80 D:/WorK/Synesthesia/wxp/synesthesia/sw_wxp/de1_limbus_bsp/\libchibios_v240_bsp.a(chevents.o)
                0x00810174                chEvtRegisterMask
                0x0081020c                chEvtUnregister
                0x008102b0                chEvtClearFlags
                0x00810344                chEvtAddFlags
                0x008103c0                chEvtSignalFlags
                0x00810424                chEvtSignalFlagsI
                0x008104d8                chEvtBroadcastFlags
                0x0081053c                chEvtBroadcastFlagsI
                0x008105ac                chEvtDispatch
                0x00810658                chEvtWaitOne
                0x00810734                chEvtWaitAny
                0x008107fc                chEvtWaitAll
                0x008108a8                chEvtWaitOneTimeout
                0x008109d8                chEvtWaitAnyTimeout
                0x00810af4                chEvtWaitAllTimeout
 .text          0x00810bf4      0x4ec D:/WorK/Synesthesia/wxp/synesthesia/sw_wxp/de1_limbus_bsp/\libchibios_v240_bsp.a(chheap.o)
                0x00810bf4                _heap_init
                0x00810c50                chHeapInit
                0x00810cd8                chHeapAlloc
                0x00810e90                chHeapFree
                0x00811018                chHeapStatus
 .text          0x008110e0      0x154 D:/WorK/Synesthesia/wxp/synesthesia/sw_wxp/de1_limbus_bsp/\libchibios_v240_bsp.a(chmemcore.o)
                0x008110e0                _core_init
                0x0081112c                chCoreAlloc
                0x0081118c                chCoreAllocI
                0x00811208                chCoreStatus
 .text          0x00811234      0x204 D:/WorK/Synesthesia/wxp/synesthesia/sw_wxp/de1_limbus_bsp/\libchibios_v240_bsp.a(chmempools.o)
                0x00811234                chPoolInit
                0x00811294                chPoolAllocI
                0x00811318                chPoolAlloc
                0x00811378                chPoolFreeI
                0x008113d8                chPoolFree
 .text          0x00811438      0x274 D:/WorK/Synesthesia/wxp/synesthesia/sw_wxp/de1_limbus_bsp/\libchibios_v240_bsp.a(chmsg.o)
                0x00811438                chMsgSend
                0x0081155c                chMsgWait
                0x0081164c                chMsgRelease
 .text          0x008116ac      0x788 D:/WorK/Synesthesia/wxp/synesthesia/sw_wxp/de1_limbus_bsp/\libchibios_v240_bsp.a(chmtx.o)
                0x008116ac                chMtxInit
                0x008116f4                chMtxLock
                0x0081174c                chMtxLockS
                0x00811990                chMtxTryLock
                0x008119f0                chMtxTryLockS
                0x00811a74                chMtxUnlock
                0x00811c10                chMtxUnlockS
                0x00811d30                chMtxUnlockAll
 .text          0x00811e34      0x5bc D:/WorK/Synesthesia/wxp/synesthesia/sw_wxp/de1_limbus_bsp/\libchibios_v240_bsp.a(chschd.o)
                0x00811e34                _scheduler_init
                0x00811ec4                chSchReadyI
                0x00811f6c                chSchGoSleepS
                0x00812158                chSchGoSleepTimeoutS
                0x008121e8                chSchWakeupS
                0x00812294                chSchRescheduleS
                0x008122e0                chSchIsPreemptionRequired
                0x00812360                chSchDoReschedule
 .text          0x008123f0      0x7e4 D:/WorK/Synesthesia/wxp/synesthesia/sw_wxp/de1_limbus_bsp/\libchibios_v240_bsp.a(chthreads.o)
                0x008123f0                _thread_init
                0x008124f4                chThdCreateI
                0x0081264c                chThdCreateStatic
                0x008126d8                chThdSetPriority
                0x008127a8                chThdResume
                0x00812808                chThdTerminate
                0x00812868                chThdSleep
                0x008128c4                chThdSleepUntil
                0x00812944                chThdYield
                0x008129b8                chThdExit
                0x00812a00                chThdExitS
                0x00812af8                chThdWait
 .text          0x00812bd4      0x2a8 D:/WorK/Synesthesia/wxp/synesthesia/sw_wxp/de1_limbus_bsp/\libchibios_v240_bsp.a(chvt.o)
                0x00812bd4                _vt_init
                0x00812c38                chVTSetI
                0x00812d4c                chVTResetI
                0x00812dd4                chTimeIsWithin
 .text          0x00812e7c       0x8c D:/WorK/Synesthesia/wxp/synesthesia/sw_wxp/de1_limbus_bsp/\libchibios_v240_bsp.a(chcoreasm.o)
                0x00812e7c                _port_thread_start
                0x00812e90                port_switch
 .text          0x00812f08      0x160 D:/WorK/Synesthesia/wxp/synesthesia/sw_wxp/de1_limbus_bsp/\libchibios_v240_bsp.a(alt_close.o)
                0x00812f08                close
 .text          0x00813068       0x2c D:/WorK/Synesthesia/wxp/synesthesia/sw_wxp/de1_limbus_bsp/\libchibios_v240_bsp.a(alt_dev.o)
 .text          0x00813094        0x0 D:/WorK/Synesthesia/wxp/synesthesia/sw_wxp/de1_limbus_bsp/\libchibios_v240_bsp.a(alt_errno.o)
 .text          0x00813094      0x138 D:/WorK/Synesthesia/wxp/synesthesia/sw_wxp/de1_limbus_bsp/\libchibios_v240_bsp.a(alt_fstat.o)
                0x00813094                fstat
 .text          0x008131cc       0x38 D:/WorK/Synesthesia/wxp/synesthesia/sw_wxp/de1_limbus_bsp/\libchibios_v240_bsp.a(alt_getchar.o)
                0x008131cc                alt_getchar
 .text          0x00813204      0x124 D:/WorK/Synesthesia/wxp/synesthesia/sw_wxp/de1_limbus_bsp/\libchibios_v240_bsp.a(alt_isatty.o)
                0x00813204                isatty
 .text          0x00813328       0xec D:/WorK/Synesthesia/wxp/synesthesia/sw_wxp/de1_limbus_bsp/\libchibios_v240_bsp.a(alt_load.o)
                0x00813328                alt_load
 .text          0x00813414      0x154 D:/WorK/Synesthesia/wxp/synesthesia/sw_wxp/de1_limbus_bsp/\libchibios_v240_bsp.a(alt_lseek.o)
                0x00813414                lseek
 .text          0x00813568       0x88 D:/WorK/Synesthesia/wxp/synesthesia/sw_wxp/de1_limbus_bsp/\libchibios_v240_bsp.a(alt_main.o)
                0x00813568                alt_main
 .text          0x008135f0       0x40 D:/WorK/Synesthesia/wxp/synesthesia/sw_wxp/de1_limbus_bsp/\libchibios_v240_bsp.a(alt_malloc_lock.o)
                0x008135f0                __malloc_lock
                0x00813610                __malloc_unlock
 .text          0x00813630      0x258 D:/WorK/Synesthesia/wxp/synesthesia/sw_wxp/de1_limbus_bsp/\libchibios_v240_bsp.a(alt_printf.o)
                0x00813630                alt_printf
 .text          0x00813888       0x40 D:/WorK/Synesthesia/wxp/synesthesia/sw_wxp/de1_limbus_bsp/\libchibios_v240_bsp.a(alt_putchar.o)
                0x00813888                alt_putchar
 .text          0x008138c8      0x184 D:/WorK/Synesthesia/wxp/synesthesia/sw_wxp/de1_limbus_bsp/\libchibios_v240_bsp.a(alt_read.o)
                0x008138c8                read
 .text          0x00813a4c       0x78 D:/WorK/Synesthesia/wxp/synesthesia/sw_wxp/de1_limbus_bsp/\libchibios_v240_bsp.a(alt_release_fd.o)
                0x00813a4c                alt_release_fd
 .text          0x00813ac4       0xbc D:/WorK/Synesthesia/wxp/synesthesia/sw_wxp/de1_limbus_bsp/\libchibios_v240_bsp.a(alt_sbrk.o)
                0x00813ac4                sbrk
 .text          0x00813b80      0x184 D:/WorK/Synesthesia/wxp/synesthesia/sw_wxp/de1_limbus_bsp/\libchibios_v240_bsp.a(alt_write.o)
                0x00813b80                write
 .text          0x00813d04       0xf8 D:/WorK/Synesthesia/wxp/synesthesia/sw_wxp/de1_limbus_bsp/\libchibios_v240_bsp.a(alt_sys_init.o)
                0x00813d04                alt_irq_init
                0x00813d38                alt_sys_init
 .text          0x00813dfc      0x148 D:/WorK/Synesthesia/wxp/synesthesia/sw_wxp/de1_limbus_bsp/\libchibios_v240_bsp.a(altera_avalon_jtag_uart_fd.o)
                0x00813dfc                altera_avalon_jtag_uart_read_fd
                0x00813e54                altera_avalon_jtag_uart_write_fd
                0x00813eac                altera_avalon_jtag_uart_close_fd
                0x00813ef4                altera_avalon_jtag_uart_ioctl_fd
 .text          0x00813f44      0x40c D:/WorK/Synesthesia/wxp/synesthesia/sw_wxp/de1_limbus_bsp/\libchibios_v240_bsp.a(altera_avalon_jtag_uart_init.o)
                0x00813f44                altera_avalon_jtag_uart_init
                0x008142dc                altera_avalon_jtag_uart_close
 .text          0x00814350       0xf4 D:/WorK/Synesthesia/wxp/synesthesia/sw_wxp/de1_limbus_bsp/\libchibios_v240_bsp.a(altera_avalon_jtag_uart_ioctl.o)
                0x00814350                altera_avalon_jtag_uart_ioctl
 .text          0x00814444      0x224 D:/WorK/Synesthesia/wxp/synesthesia/sw_wxp/de1_limbus_bsp/\libchibios_v240_bsp.a(altera_avalon_jtag_uart_read.o)
                0x00814444                altera_avalon_jtag_uart_read
 .text          0x00814668      0x240 D:/WorK/Synesthesia/wxp/synesthesia/sw_wxp/de1_limbus_bsp/\libchibios_v240_bsp.a(altera_avalon_jtag_uart_write.o)
                0x00814668                altera_avalon_jtag_uart_write
 .text          0x008148a8      0x188 D:/WorK/Synesthesia/wxp/synesthesia/sw_wxp/de1_limbus_bsp/\libchibios_v240_bsp.a(altera_avalon_performance_counter.o)
                0x008148a8                perf_get_section_time
                0x00814958                perf_get_total_time
                0x008149ac                perf_get_num_starts
                0x008149ec                alt_get_performance_counter_base
                0x00814a0c                alt_get_cpu_freq
 .text          0x00814a30      0x100 D:/WorK/Synesthesia/wxp/synesthesia/sw_wxp/de1_limbus_bsp/\libchibios_v240_bsp.a(altera_avalon_timer_sc.o)
                0x00814aa0                alt_avalon_timer_sc_init
 .text          0x00814b30       0xf8 D:/WorK/Synesthesia/wxp/synesthesia/sw_wxp/de1_limbus_bsp/\libchibios_v240_bsp.a(altera_avalon_uart_fd.o)
                0x00814b30                altera_avalon_uart_read_fd
                0x00814b88                altera_avalon_uart_write_fd
                0x00814be0                altera_avalon_uart_close_fd
 .text          0x00814c28      0x400 D:/WorK/Synesthesia/wxp/synesthesia/sw_wxp/de1_limbus_bsp/\libchibios_v240_bsp.a(altera_avalon_uart_init.o)
                0x00814c28                altera_avalon_uart_init
                0x00814fc8                altera_avalon_uart_close
 .text          0x00815028      0x290 D:/WorK/Synesthesia/wxp/synesthesia/sw_wxp/de1_limbus_bsp/\libchibios_v240_bsp.a(altera_avalon_uart_read.o)
                0x00815028                altera_avalon_uart_read
 .text          0x008152b8      0x228 D:/WorK/Synesthesia/wxp/synesthesia/sw_wxp/de1_limbus_bsp/\libchibios_v240_bsp.a(altera_avalon_uart_write.o)
                0x008152b8                altera_avalon_uart_write
 .text          0x008154e0      0x294 D:/WorK/Synesthesia/wxp/synesthesia/sw_wxp/de1_limbus_bsp/\libchibios_v240_bsp.a(perf_print_formatted_report.o)
                0x008154e0                perf_print_formatted_report
 .text          0x00815774      0x20c D:/WorK/Synesthesia/wxp/synesthesia/sw_wxp/de1_limbus_bsp/\libchibios_v240_bsp.a(chsys.o)
                0x00815774                _idle_thread
                0x008157a4                chSysInit
                0x00815854                chSysTimerHandlerI
 .text          0x00815980      0x154 D:/WorK/Synesthesia/wxp/synesthesia/sw_wxp/de1_limbus_bsp/\libchibios_v240_bsp.a(alt_alarm_start.o)
                0x00815980                alt_alarm_start
 .text          0x00815ad4       0x1c D:/WorK/Synesthesia/wxp/synesthesia/sw_wxp/de1_limbus_bsp/\libchibios_v240_bsp.a(alt_dcache_flush_all.o)
                0x00815ad4                alt_dcache_flush_all
 .text          0x00815af0      0x114 D:/WorK/Synesthesia/wxp/synesthesia/sw_wxp/de1_limbus_bsp/\libchibios_v240_bsp.a(alt_dev_llist_insert.o)
                0x00815af0                alt_dev_llist_insert
 .text          0x00815c04       0x64 D:/WorK/Synesthesia/wxp/synesthesia/sw_wxp/de1_limbus_bsp/\libchibios_v240_bsp.a(alt_do_ctors.o)
                0x00815c04                _do_ctors
 .text          0x00815c68       0x64 D:/WorK/Synesthesia/wxp/synesthesia/sw_wxp/de1_limbus_bsp/\libchibios_v240_bsp.a(alt_do_dtors.o)
                0x00815c68                _do_dtors
 .text          0x00815ccc       0x1c D:/WorK/Synesthesia/wxp/synesthesia/sw_wxp/de1_limbus_bsp/\libchibios_v240_bsp.a(alt_icache_flush_all.o)
                0x00815ccc                alt_icache_flush_all
 .text          0x00815ce8      0x1d4 D:/WorK/Synesthesia/wxp/synesthesia/sw_wxp/de1_limbus_bsp/\libchibios_v240_bsp.a(alt_iic.o)
                0x00815ce8                alt_ic_isr_register
                0x00815d38                alt_ic_irq_enable
                0x00815dd4                alt_ic_irq_disable
                0x00815e74                alt_ic_irq_enabled
 .text          0x00815ebc       0xf8 D:/WorK/Synesthesia/wxp/synesthesia/sw_wxp/de1_limbus_bsp/\libchibios_v240_bsp.a(alt_iic_isr_register.o)
                0x00815ebc                alt_iic_isr_register
 .text          0x00815fb4      0x150 D:/WorK/Synesthesia/wxp/synesthesia/sw_wxp/de1_limbus_bsp/\libchibios_v240_bsp.a(alt_io_redirect.o)
                0x0081608c                alt_io_redirect
 .text          0x00816104        0x0 D:/WorK/Synesthesia/wxp/synesthesia/sw_wxp/de1_limbus_bsp/\libchibios_v240_bsp.a(alt_irq_entry.o)
 .text          0x00816104        0x0 D:/WorK/Synesthesia/wxp/synesthesia/sw_wxp/de1_limbus_bsp/\libchibios_v240_bsp.a(alt_irq_handler.o)
 .text          0x00816104        0x0 D:/WorK/Synesthesia/wxp/synesthesia/sw_wxp/de1_limbus_bsp/\libchibios_v240_bsp.a(alt_irq_vars.o)
 .text          0x00816104      0x2e4 D:/WorK/Synesthesia/wxp/synesthesia/sw_wxp/de1_limbus_bsp/\libchibios_v240_bsp.a(alt_open.o)
                0x008161fc                open
 .text          0x008163e8      0x1a8 D:/WorK/Synesthesia/wxp/synesthesia/sw_wxp/de1_limbus_bsp/\libchibios_v240_bsp.a(alt_tick.o)
                0x008163e8                alt_alarm_stop
                0x00816480                alt_tick
 .text          0x00816590       0x20 D:/WorK/Synesthesia/wxp/synesthesia/sw_wxp/de1_limbus_bsp/\libchibios_v240_bsp.a(altera_nios2_qsys_irq.o)
                0x00816590                altera_nios2_qsys_irq_init
 .text          0x008165b0       0x50 D:/WorK/Synesthesia/wxp/synesthesia/sw_wxp/de1_limbus_bsp/\libchibios_v240_bsp.a(chcore.o)
                0x008165b0                port_halt
                0x008165d8                port_time_tick
 .text          0x00816600        0x0 D:/WorK/Synesthesia/wxp/synesthesia/sw_wxp/de1_limbus_bsp/\libchibios_v240_bsp.a(alt_exception_entry.o)
 .text          0x00816600       0x94 D:/WorK/Synesthesia/wxp/synesthesia/sw_wxp/de1_limbus_bsp/\libchibios_v240_bsp.a(alt_find_dev.o)
                0x00816600                alt_find_dev
 .text          0x00816694      0x120 D:/WorK/Synesthesia/wxp/synesthesia/sw_wxp/de1_limbus_bsp/\libchibios_v240_bsp.a(alt_find_file.o)
                0x00816694                alt_find_file
 .text          0x008167b4       0xd0 D:/WorK/Synesthesia/wxp/synesthesia/sw_wxp/de1_limbus_bsp/\libchibios_v240_bsp.a(alt_get_fd.o)
                0x008167b4                alt_get_fd
 .text          0x00816884       0x14 c:/altera/11.1sp2/nios2eds/bin/gnu/h-i686-mingw32/bin/../lib/gcc/nios2-elf/4.1.2/../../../../nios2-elf/lib/mno-hw-mul\libc.a(lib_a-atexit.o)
                0x00816884                atexit
 .text          0x00816898       0x38 c:/altera/11.1sp2/nios2eds/bin/gnu/h-i686-mingw32/bin/../lib/gcc/nios2-elf/4.1.2/../../../../nios2-elf/lib/mno-hw-mul\libc.a(lib_a-exit.o)
                0x00816898                exit
 .text          0x008168d0      0x128 c:/altera/11.1sp2/nios2eds/bin/gnu/h-i686-mingw32/bin/../lib/gcc/nios2-elf/4.1.2/../../../../nios2-elf/lib/mno-hw-mul\libc.a(lib_a-getc.o)
                0x008168d0                getc
                0x00816968                _getc_r
 .text          0x008169f8       0x74 c:/altera/11.1sp2/nios2eds/bin/gnu/h-i686-mingw32/bin/../lib/gcc/nios2-elf/4.1.2/../../../../nios2-elf/lib/mno-hw-mul\libc.a(lib_a-memcmp.o)
                0x008169f8                memcmp
 .text          0x00816a6c      0x1ec c:/altera/11.1sp2/nios2eds/bin/gnu/h-i686-mingw32/bin/../lib/gcc/nios2-elf/4.1.2/../../../../nios2-elf/lib/mno-hw-mul\libc.a(lib_a-putc.o)
                0x00816a6c                putc
                0x00816b70                _putc_r
 .text          0x00816c58       0x60 c:/altera/11.1sp2/nios2eds/bin/gnu/h-i686-mingw32/bin/../lib/gcc/nios2-elf/4.1.2/../../../../nios2-elf/lib/mno-hw-mul\libc.a(lib_a-rget.o)
                0x00816c58                __srget_r
                0x00816ca4                __srget
 .text          0x00816cb8      0x14c c:/altera/11.1sp2/nios2eds/bin/gnu/h-i686-mingw32/bin/../lib/gcc/nios2-elf/4.1.2/../../../../nios2-elf/lib/mno-hw-mul\libc.a(lib_a-wbuf.o)
                0x00816cb8                __swbuf_r
                0x00816de8                __swbuf
 .text          0x00816e04      0x134 c:/altera/11.1sp2/nios2eds/bin/gnu/h-i686-mingw32/bin/../lib/gcc/nios2-elf/4.1.2/../../../../nios2-elf/lib/mno-hw-mul\libc.a(lib_a-__atexit.o)
                0x00816e04                __register_exitproc
 .text          0x00816f38      0x1b4 c:/altera/11.1sp2/nios2eds/bin/gnu/h-i686-mingw32/bin/../lib/gcc/nios2-elf/4.1.2/../../../../nios2-elf/lib/mno-hw-mul\libc.a(lib_a-__call_atexit.o)
                0x00816f3c                __call_exitprocs
 .text          0x008170ec      0x1e0 c:/altera/11.1sp2/nios2eds/bin/gnu/h-i686-mingw32/bin/../lib/gcc/nios2-elf/4.1.2/../../../../nios2-elf/lib/mno-hw-mul\libc.a(lib_a-refill.o)
                0x008170ec                __srefill_r
 .text          0x008172cc       0x88 c:/altera/11.1sp2/nios2eds/bin/gnu/h-i686-mingw32/bin/../lib/gcc/nios2-elf/4.1.2/mno-hw-mul\libgcc.a(_floatundidf.o)
                0x008172cc                __floatundidf
 .text          0x00817354       0x64 D:/WorK/Synesthesia/wxp/synesthesia/sw_wxp/de1_limbus_bsp/\libchibios_v240_bsp.a(alt_exit.o)
                0x00817394                _exit
 *(.gnu.warning.*)
 *(.fini)
                0x008173b8                PROVIDE (__etext, ABSOLUTE (.))
                0x008173b8                PROVIDE (_etext, ABSOLUTE (.))
                0x008173b8                PROVIDE (etext, ABSOLUTE (.))
 *(.eh_frame_hdr)
                0x008173b8                . = ALIGN (0x4)
                0x008173b8                PROVIDE (__preinit_array_start, ABSOLUTE (.))
 *(.preinit_array)
                0x008173b8                PROVIDE (__preinit_array_end, ABSOLUTE (.))
                0x008173b8                PROVIDE (__init_array_start, ABSOLUTE (.))
 *(.init_array)
                0x008173b8                PROVIDE (__init_array_end, ABSOLUTE (.))
                0x008173b8                PROVIDE (__fini_array_start, ABSOLUTE (.))
 *(.fini_array)
                0x008173b8                PROVIDE (__fini_array_end, ABSOLUTE (.))
 *(.eh_frame)
 .eh_frame      0x008173b8       0x40 c:/altera/11.1sp2/nios2eds/bin/gnu/h-i686-mingw32/bin/../lib/gcc/nios2-elf/4.1.2/mno-hw-mul\libgcc.a(_udivdi3.o)
 .eh_frame      0x008173f8       0x2c c:/altera/11.1sp2/nios2eds/bin/gnu/h-i686-mingw32/bin/../lib/gcc/nios2-elf/4.1.2/mno-hw-mul\libgcc.a(_umoddi3.o)
                                 0x40 (size before relaxing)
 *(.gcc_except_table)
 *(.dynamic)
                0x00817424                PROVIDE (__CTOR_LIST__, ABSOLUTE (.))
 *(.ctors)
 *(SORT(.ctors.*))
 .ctors.65535   0x00817424        0x4 c:/altera/11.1sp2/nios2eds/bin/gnu/h-i686-mingw32/bin/../lib/gcc/nios2-elf/4.1.2/../../../../nios2-elf/lib/mno-hw-mul\libc.a(lib_a-__call_atexit.o)
                0x00817428                PROVIDE (__CTOR_END__, ABSOLUTE (.))
                0x00817428                PROVIDE (__DTOR_LIST__, ABSOLUTE (.))
 *(.dtors)
 *(SORT(.dtors.*))
                0x00817428                PROVIDE (__DTOR_END__, ABSOLUTE (.))
 *(.jcr)
                0x00817428                . = ALIGN (0x4)

.rodata         0x00817428     0x1590
                0x00817428                PROVIDE (__ram_rodata_start, ABSOLUTE (.))
                0x00817428                . = ALIGN (0x4)
 *(.rodata .rodata.* .gnu.linkonce.r.*)
 .rodata.str1.4
                0x00817428       0x3b obj/default/ledos/codec/codec.o
                                 0x3c (size before relaxing)
 *fill*         0x00817463        0x1 00
 .rodata        0x00817464       0x18 obj/default/ledos/codec/codec.o
 .rodata.str1.4
                0x0081747c       0x49 obj/default/ledos/cortex/acortex/acortex.o
                                 0x4c (size before relaxing)
 *fill*         0x008174c5        0x3 00
 .rodata        0x008174c8       0x30 obj/default/ledos/cortex/acortex/dac/dac_drvr.o
 .rodata.str1.4
                0x008174f8       0x13 obj/default/ledos/cortex/cortex.o
                                 0x14 (size before relaxing)
 *fill*         0x0081750b        0x1 00
 .rodata.str1.4
                0x0081750c      0x307 obj/default/ledos/fatfs/ff.o
                                0x30c (size before relaxing)
 *fill*         0x00817813        0x1 00
 .rodata.str1.4
                0x00817814      0x489 obj/default/ledos/ledos.o
                                0x490 (size before relaxing)
 .rodata.str1.4
                0x00000000        0xc obj/default/ledos/lsd/lsd.o
 *fill*         0x00817c9d        0x3 00
 .rodata        0x00817ca0       0x10 obj/default/ledos/lsd/lsd.o
 .rodata.str1.4
                0x00817cb0      0x3f2 obj/default/ledos/shell/bash.o
                                0x400 (size before relaxing)
 *fill*         0x008180a2        0x2 00
 .rodata        0x008180a4       0x58 obj/default/ledos/shell/bash.o
 .rodata.str1.4
                0x008180fc      0x1bf obj/default/ledos/shell/shell.o
                                0x1d0 (size before relaxing)
 *fill*         0x008182bb        0x1 00
 .rodata        0x008182bc        0x4 obj/default/ledos/shell/shell.o
 .rodata.str1.4
                0x008182c0       0x19 obj/default/main.o
                                 0x1c (size before relaxing)
 *fill*         0x008182d9        0x3 00
 .rodata.str1.4
                0x008182dc       0x5a c:/altera/11.1sp2/nios2eds/bin/gnu/h-i686-mingw32/bin/../lib/gcc/nios2-elf/4.1.2/../../../../nios2-elf/lib/mno-hw-mul\libc.a(lib_a-vfprintf.o)
                                 0x60 (size before relaxing)
 .rodata        0x00818336       0x20 c:/altera/11.1sp2/nios2eds/bin/gnu/h-i686-mingw32/bin/../lib/gcc/nios2-elf/4.1.2/../../../../nios2-elf/lib/mno-hw-mul\libc.a(lib_a-vfprintf.o)
 .rodata        0x00818356      0x281 c:/altera/11.1sp2/nios2eds/bin/gnu/h-i686-mingw32/bin/../lib/gcc/nios2-elf/4.1.2/../../../../nios2-elf/lib/mno-hw-mul\libc.a(lib_a-ctype_.o)
                0x00818356                _ctype_
 *fill*         0x008185d7        0x1 00
 .rodata.str1.4
                0x008185d8       0x10 c:/altera/11.1sp2/nios2eds/bin/gnu/h-i686-mingw32/bin/../lib/gcc/nios2-elf/4.1.2/../../../../nios2-elf/lib/mno-hw-mul\libc.a(lib_a-dtoa.o)
                                 0x14 (size before relaxing)
 .rodata.str1.4
                0x008185e8        0x2 c:/altera/11.1sp2/nios2eds/bin/gnu/h-i686-mingw32/bin/../lib/gcc/nios2-elf/4.1.2/../../../../nios2-elf/lib/mno-hw-mul\libc.a(lib_a-impure.o)
                                  0x4 (size before relaxing)
 *fill*         0x008185ea        0x2 00
 .rodata.str1.4
                0x008185ec       0x10 c:/altera/11.1sp2/nios2eds/bin/gnu/h-i686-mingw32/bin/../lib/gcc/nios2-elf/4.1.2/../../../../nios2-elf/lib/mno-hw-mul\libc.a(lib_a-locale.o)
                                 0x18 (size before relaxing)
 .rodata        0x008185fc       0x30 c:/altera/11.1sp2/nios2eds/bin/gnu/h-i686-mingw32/bin/../lib/gcc/nios2-elf/4.1.2/../../../../nios2-elf/lib/mno-hw-mul\libc.a(lib_a-locale.o)
 .rodata        0x0081862c      0x124 c:/altera/11.1sp2/nios2eds/bin/gnu/h-i686-mingw32/bin/../lib/gcc/nios2-elf/4.1.2/../../../../nios2-elf/lib/mno-hw-mul\libc.a(lib_a-mprec.o)
                0x0081862c                __mprec_tens
                0x008186f4                __mprec_bigtens
                0x0081871c                __mprec_tinytens
 .rodata        0x00818750       0x14 c:/altera/11.1sp2/nios2eds/bin/gnu/h-i686-mingw32/bin/../lib/gcc/nios2-elf/4.1.2/mno-hw-mul\libgcc.a(_thenan_df.o)
                0x00818750                __thenan_df
 .rodata        0x00818764      0x100 c:/altera/11.1sp2/nios2eds/bin/gnu/h-i686-mingw32/bin/../lib/gcc/nios2-elf/4.1.2/mno-hw-mul\libgcc.a(_clz.o)
                0x00818764                __clz_tab
 .rodata        0x00818864        0xc D:/WorK/Synesthesia/wxp/synesthesia/sw_wxp/de1_limbus_bsp/\libchibios_v240_bsp.a(alt_dev.o)
 .rodata        0x00818870       0x1c D:/WorK/Synesthesia/wxp/synesthesia/sw_wxp/de1_limbus_bsp/\libchibios_v240_bsp.a(alt_main.o)
 .rodata        0x0081888c       0x1c D:/WorK/Synesthesia/wxp/synesthesia/sw_wxp/de1_limbus_bsp/\libchibios_v240_bsp.a(alt_sys_init.o)
 .rodata        0x008188a8      0x100 D:/WorK/Synesthesia/wxp/synesthesia/sw_wxp/de1_limbus_bsp/\libchibios_v240_bsp.a(perf_print_formatted_report.o)
 .rodata        0x008189a8       0x10 D:/WorK/Synesthesia/wxp/synesthesia/sw_wxp/de1_limbus_bsp/\libchibios_v240_bsp.a(chsys.o)
 *(.rodata1)
                0x008189b8                . = ALIGN (0x4)
                0x008189b8                PROVIDE (__ram_rodata_end, ABSOLUTE (.))
                0x00817428                PROVIDE (__flash_rodata_start, LOADADDR (.rodata))

.rwdata         0x008189b8     0x1b4c load address 0x0081a504
                0x008189b8                PROVIDE (__ram_rwdata_start, ABSOLUTE (.))
                0x008189b8                . = ALIGN (0x4)
 *(.got.plt)
 *(.got)
 *(.data1)
 *(.data .data.* .gnu.linkonce.d.*)
 .data          0x008189b8        0x0 D:/WorK/Synesthesia/wxp/synesthesia/sw_wxp/de1_limbus_bsp//obj/HAL/src/crt0.o
 .data          0x008189b8        0x0 obj/default/ledos/codec/codec.o
 .data          0x008189b8        0x0 obj/default/ledos/cortex/acortex/acortex.o
 .data          0x008189b8        0x0 obj/default/ledos/cortex/acortex/dac/dac_drvr.o
 .data          0x008189b8        0x0 obj/default/ledos/cortex/acortex/i2c/i2c_drvr.o
 .data          0x008189b8        0x0 obj/default/ledos/cortex/acortex/prsr/prsr.o
 .data          0x008189b8        0x0 obj/default/ledos/cortex/acortex/sram/sram.o
 .data          0x008189b8        0x0 obj/default/ledos/cortex/cortex.o
 .data          0x008189b8        0x0 obj/default/ledos/cortex/fgyrus/fgyrus.o
 .data          0x008189b8        0x0 obj/default/ledos/cortex/vcortex/vcortex.o
 .data          0x008189b8        0x0 obj/default/ledos/fatfs/diskio.o
 .data          0x008189b8        0x0 obj/default/ledos/fatfs/ff.o
 .data          0x008189b8        0x0 obj/default/ledos/fft_cache/fft_cache.o
 .data          0x008189b8        0x0 obj/default/ledos/ledos.o
 .data          0x008189b8        0x0 obj/default/ledos/lsd/lsd.o
 .data          0x008189b8        0x0 obj/default/ledos/shell/bash.o
 .data          0x008189b8       0x18 obj/default/ledos/shell/shell.o
 .data          0x008189d0        0x0 obj/default/main.o
 .data          0x008189d0        0x0 c:/altera/11.1sp2/nios2eds/bin/gnu/h-i686-mingw32/bin/../lib/gcc/nios2-elf/4.1.2/mno-hw-mul\libgcc.a(lib2-divmod.o)
 .data          0x008189d0        0x0 c:/altera/11.1sp2/nios2eds/bin/gnu/h-i686-mingw32/bin/../lib/gcc/nios2-elf/4.1.2/mno-hw-mul\libgcc.a(lib2-mul.o)
 .data          0x008189d0        0x0 c:/altera/11.1sp2/nios2eds/bin/gnu/h-i686-mingw32/bin/../lib/gcc/nios2-elf/4.1.2/../../../../nios2-elf/lib/mno-hw-mul\libc.a(lib_a-printf.o)
 .data          0x008189d0        0x0 c:/altera/11.1sp2/nios2eds/bin/gnu/h-i686-mingw32/bin/../lib/gcc/nios2-elf/4.1.2/../../../../nios2-elf/lib/mno-hw-mul\libc.a(lib_a-strcasecmp.o)
 .data          0x008189d0        0x0 c:/altera/11.1sp2/nios2eds/bin/gnu/h-i686-mingw32/bin/../lib/gcc/nios2-elf/4.1.2/../../../../nios2-elf/lib/mno-hw-mul\libc.a(lib_a-strpbrk.o)
 .data          0x008189d0        0x0 c:/altera/11.1sp2/nios2eds/bin/gnu/h-i686-mingw32/bin/../lib/gcc/nios2-elf/4.1.2/../../../../nios2-elf/lib/mno-hw-mul\libc.a(lib_a-strspn.o)
 .data          0x008189d0        0x0 c:/altera/11.1sp2/nios2eds/bin/gnu/h-i686-mingw32/bin/../lib/gcc/nios2-elf/4.1.2/../../../../nios2-elf/lib/mno-hw-mul\libc.a(lib_a-vfprintf.o)
 .data          0x008189d0        0x0 c:/altera/11.1sp2/nios2eds/bin/gnu/h-i686-mingw32/bin/../lib/gcc/nios2-elf/4.1.2/../../../../nios2-elf/lib/mno-hw-mul\libc.a(lib_a-wsetup.o)
 .data          0x008189d0        0x0 c:/altera/11.1sp2/nios2eds/bin/gnu/h-i686-mingw32/bin/../lib/gcc/nios2-elf/4.1.2/../../../../nios2-elf/lib/mno-hw-mul\libc.a(lib_a-ctype_.o)
 .data          0x008189d0        0x0 c:/altera/11.1sp2/nios2eds/bin/gnu/h-i686-mingw32/bin/../lib/gcc/nios2-elf/4.1.2/../../../../nios2-elf/lib/mno-hw-mul\libc.a(lib_a-dtoa.o)
 .data          0x008189d0        0x0 c:/altera/11.1sp2/nios2eds/bin/gnu/h-i686-mingw32/bin/../lib/gcc/nios2-elf/4.1.2/../../../../nios2-elf/lib/mno-hw-mul\libc.a(lib_a-fflush.o)
 .data          0x008189d0        0x0 c:/altera/11.1sp2/nios2eds/bin/gnu/h-i686-mingw32/bin/../lib/gcc/nios2-elf/4.1.2/../../../../nios2-elf/lib/mno-hw-mul\libc.a(lib_a-findfp.o)
 .data          0x008189d0        0x0 c:/altera/11.1sp2/nios2eds/bin/gnu/h-i686-mingw32/bin/../lib/gcc/nios2-elf/4.1.2/../../../../nios2-elf/lib/mno-hw-mul\libc.a(lib_a-freer.o)
 .data          0x008189d0        0x0 c:/altera/11.1sp2/nios2eds/bin/gnu/h-i686-mingw32/bin/../lib/gcc/nios2-elf/4.1.2/../../../../nios2-elf/lib/mno-hw-mul\libc.a(lib_a-fvwrite.o)
 .data          0x008189d0        0x0 c:/altera/11.1sp2/nios2eds/bin/gnu/h-i686-mingw32/bin/../lib/gcc/nios2-elf/4.1.2/../../../../nios2-elf/lib/mno-hw-mul\libc.a(lib_a-fwalk.o)
 .data          0x008189d0      0x400 c:/altera/11.1sp2/nios2eds/bin/gnu/h-i686-mingw32/bin/../lib/gcc/nios2-elf/4.1.2/../../../../nios2-elf/lib/mno-hw-mul\libc.a(lib_a-impure.o)
 .data          0x00818dd0        0xc c:/altera/11.1sp2/nios2eds/bin/gnu/h-i686-mingw32/bin/../lib/gcc/nios2-elf/4.1.2/../../../../nios2-elf/lib/mno-hw-mul\libc.a(lib_a-locale.o)
                0x00818dd0                __lc_ctype
 .data          0x00818ddc        0x0 c:/altera/11.1sp2/nios2eds/bin/gnu/h-i686-mingw32/bin/../lib/gcc/nios2-elf/4.1.2/../../../../nios2-elf/lib/mno-hw-mul\libc.a(lib_a-makebuf.o)
 .data          0x00818ddc      0x408 c:/altera/11.1sp2/nios2eds/bin/gnu/h-i686-mingw32/bin/../lib/gcc/nios2-elf/4.1.2/../../../../nios2-elf/lib/mno-hw-mul\libc.a(lib_a-mallocr.o)
                0x00818ddc                __malloc_av_
 .data          0x008191e4        0x0 c:/altera/11.1sp2/nios2eds/bin/gnu/h-i686-mingw32/bin/../lib/gcc/nios2-elf/4.1.2/../../../../nios2-elf/lib/mno-hw-mul\libc.a(lib_a-memchr.o)
 .data          0x008191e4        0x0 c:/altera/11.1sp2/nios2eds/bin/gnu/h-i686-mingw32/bin/../lib/gcc/nios2-elf/4.1.2/../../../../nios2-elf/lib/mno-hw-mul\libc.a(lib_a-memcpy.o)
 .data          0x008191e4        0x0 c:/altera/11.1sp2/nios2eds/bin/gnu/h-i686-mingw32/bin/../lib/gcc/nios2-elf/4.1.2/../../../../nios2-elf/lib/mno-hw-mul\libc.a(lib_a-memmove.o)
 .data          0x008191e4        0x0 c:/altera/11.1sp2/nios2eds/bin/gnu/h-i686-mingw32/bin/../lib/gcc/nios2-elf/4.1.2/../../../../nios2-elf/lib/mno-hw-mul\libc.a(lib_a-memset.o)
 .data          0x008191e4        0x0 c:/altera/11.1sp2/nios2eds/bin/gnu/h-i686-mingw32/bin/../lib/gcc/nios2-elf/4.1.2/../../../../nios2-elf/lib/mno-hw-mul\libc.a(lib_a-mprec.o)
 .data          0x008191e4        0x0 c:/altera/11.1sp2/nios2eds/bin/gnu/h-i686-mingw32/bin/../lib/gcc/nios2-elf/4.1.2/../../../../nios2-elf/lib/mno-hw-mul\libc.a(lib_a-reallocr.o)
 .data          0x008191e4        0x0 c:/altera/11.1sp2/nios2eds/bin/gnu/h-i686-mingw32/bin/../lib/gcc/nios2-elf/4.1.2/../../../../nios2-elf/lib/mno-hw-mul\libc.a(lib_a-s_isinfd.o)
 .data          0x008191e4        0x0 c:/altera/11.1sp2/nios2eds/bin/gnu/h-i686-mingw32/bin/../lib/gcc/nios2-elf/4.1.2/../../../../nios2-elf/lib/mno-hw-mul\libc.a(lib_a-s_isnand.o)
 .data          0x008191e4        0x0 c:/altera/11.1sp2/nios2eds/bin/gnu/h-i686-mingw32/bin/../lib/gcc/nios2-elf/4.1.2/../../../../nios2-elf/lib/mno-hw-mul\libc.a(lib_a-sbrkr.o)
 .data          0x008191e4        0x0 c:/altera/11.1sp2/nios2eds/bin/gnu/h-i686-mingw32/bin/../lib/gcc/nios2-elf/4.1.2/../../../../nios2-elf/lib/mno-hw-mul\libc.a(lib_a-stdio.o)
 .data          0x008191e4        0x0 c:/altera/11.1sp2/nios2eds/bin/gnu/h-i686-mingw32/bin/../lib/gcc/nios2-elf/4.1.2/../../../../nios2-elf/lib/mno-hw-mul\libc.a(lib_a-strcmp.o)
 .data          0x008191e4        0x0 c:/altera/11.1sp2/nios2eds/bin/gnu/h-i686-mingw32/bin/../lib/gcc/nios2-elf/4.1.2/../../../../nios2-elf/lib/mno-hw-mul\libc.a(lib_a-strlen.o)
 .data          0x008191e4        0x0 c:/altera/11.1sp2/nios2eds/bin/gnu/h-i686-mingw32/bin/../lib/gcc/nios2-elf/4.1.2/../../../../nios2-elf/lib/mno-hw-mul\libc.a(lib_a-writer.o)
 .data          0x008191e4        0x0 c:/altera/11.1sp2/nios2eds/bin/gnu/h-i686-mingw32/bin/../lib/gcc/nios2-elf/4.1.2/../../../../nios2-elf/lib/mno-hw-mul\libc.a(lib_a-callocr.o)
 .data          0x008191e4        0x0 c:/altera/11.1sp2/nios2eds/bin/gnu/h-i686-mingw32/bin/../lib/gcc/nios2-elf/4.1.2/../../../../nios2-elf/lib/mno-hw-mul\libc.a(lib_a-closer.o)
 .data          0x008191e4        0x0 c:/altera/11.1sp2/nios2eds/bin/gnu/h-i686-mingw32/bin/../lib/gcc/nios2-elf/4.1.2/../../../../nios2-elf/lib/mno-hw-mul\libc.a(lib_a-fclose.o)
 .data          0x008191e4        0x0 c:/altera/11.1sp2/nios2eds/bin/gnu/h-i686-mingw32/bin/../lib/gcc/nios2-elf/4.1.2/../../../../nios2-elf/lib/mno-hw-mul\libc.a(lib_a-fstatr.o)
 .data          0x008191e4        0x0 c:/altera/11.1sp2/nios2eds/bin/gnu/h-i686-mingw32/bin/../lib/gcc/nios2-elf/4.1.2/../../../../nios2-elf/lib/mno-hw-mul\libc.a(lib_a-int_errno.o)
 .data          0x008191e4        0x0 c:/altera/11.1sp2/nios2eds/bin/gnu/h-i686-mingw32/bin/../lib/gcc/nios2-elf/4.1.2/../../../../nios2-elf/lib/mno-hw-mul\libc.a(lib_a-isattyr.o)
 .data          0x008191e4        0x0 c:/altera/11.1sp2/nios2eds/bin/gnu/h-i686-mingw32/bin/../lib/gcc/nios2-elf/4.1.2/../../../../nios2-elf/lib/mno-hw-mul\libc.a(lib_a-lseekr.o)
 .data          0x008191e4        0x0 c:/altera/11.1sp2/nios2eds/bin/gnu/h-i686-mingw32/bin/../lib/gcc/nios2-elf/4.1.2/../../../../nios2-elf/lib/mno-hw-mul\libc.a(lib_a-readr.o)
 .data          0x008191e4        0x0 c:/altera/11.1sp2/nios2eds/bin/gnu/h-i686-mingw32/bin/../lib/gcc/nios2-elf/4.1.2/mno-hw-mul\libgcc.a(_udivdi3.o)
 .data          0x008191e4        0x0 c:/altera/11.1sp2/nios2eds/bin/gnu/h-i686-mingw32/bin/../lib/gcc/nios2-elf/4.1.2/mno-hw-mul\libgcc.a(_umoddi3.o)
 .data          0x008191e4        0x0 c:/altera/11.1sp2/nios2eds/bin/gnu/h-i686-mingw32/bin/../lib/gcc/nios2-elf/4.1.2/mno-hw-mul\libgcc.a(_addsub_df.o)
 .data          0x008191e4        0x0 c:/altera/11.1sp2/nios2eds/bin/gnu/h-i686-mingw32/bin/../lib/gcc/nios2-elf/4.1.2/mno-hw-mul\libgcc.a(_mul_df.o)
 .data          0x008191e4        0x0 c:/altera/11.1sp2/nios2eds/bin/gnu/h-i686-mingw32/bin/../lib/gcc/nios2-elf/4.1.2/mno-hw-mul\libgcc.a(_div_df.o)
 .data          0x008191e4        0x0 c:/altera/11.1sp2/nios2eds/bin/gnu/h-i686-mingw32/bin/../lib/gcc/nios2-elf/4.1.2/mno-hw-mul\libgcc.a(_eq_df.o)
 .data          0x008191e4        0x0 c:/altera/11.1sp2/nios2eds/bin/gnu/h-i686-mingw32/bin/../lib/gcc/nios2-elf/4.1.2/mno-hw-mul\libgcc.a(_ne_df.o)
 .data          0x008191e4        0x0 c:/altera/11.1sp2/nios2eds/bin/gnu/h-i686-mingw32/bin/../lib/gcc/nios2-elf/4.1.2/mno-hw-mul\libgcc.a(_gt_df.o)
 .data          0x008191e4        0x0 c:/altera/11.1sp2/nios2eds/bin/gnu/h-i686-mingw32/bin/../lib/gcc/nios2-elf/4.1.2/mno-hw-mul\libgcc.a(_ge_df.o)
 .data          0x008191e4        0x0 c:/altera/11.1sp2/nios2eds/bin/gnu/h-i686-mingw32/bin/../lib/gcc/nios2-elf/4.1.2/mno-hw-mul\libgcc.a(_lt_df.o)
 .data          0x008191e4        0x0 c:/altera/11.1sp2/nios2eds/bin/gnu/h-i686-mingw32/bin/../lib/gcc/nios2-elf/4.1.2/mno-hw-mul\libgcc.a(_si_to_df.o)
 .data          0x008191e4        0x0 c:/altera/11.1sp2/nios2eds/bin/gnu/h-i686-mingw32/bin/../lib/gcc/nios2-elf/4.1.2/mno-hw-mul\libgcc.a(_df_to_si.o)
 .data          0x008191e4        0x0 c:/altera/11.1sp2/nios2eds/bin/gnu/h-i686-mingw32/bin/../lib/gcc/nios2-elf/4.1.2/mno-hw-mul\libgcc.a(_thenan_df.o)
 .data          0x008191e4        0x0 c:/altera/11.1sp2/nios2eds/bin/gnu/h-i686-mingw32/bin/../lib/gcc/nios2-elf/4.1.2/mno-hw-mul\libgcc.a(_usi_to_df.o)
 .data          0x008191e4        0x0 c:/altera/11.1sp2/nios2eds/bin/gnu/h-i686-mingw32/bin/../lib/gcc/nios2-elf/4.1.2/mno-hw-mul\libgcc.a(_muldi3.o)
 .data          0x008191e4        0x0 c:/altera/11.1sp2/nios2eds/bin/gnu/h-i686-mingw32/bin/../lib/gcc/nios2-elf/4.1.2/mno-hw-mul\libgcc.a(_clz.o)
 .data          0x008191e4        0x0 c:/altera/11.1sp2/nios2eds/bin/gnu/h-i686-mingw32/bin/../lib/gcc/nios2-elf/4.1.2/mno-hw-mul\libgcc.a(_clzsi2.o)
 .data          0x008191e4        0x0 c:/altera/11.1sp2/nios2eds/bin/gnu/h-i686-mingw32/bin/../lib/gcc/nios2-elf/4.1.2/mno-hw-mul\libgcc.a(_pack_df.o)
 .data          0x008191e4        0x0 c:/altera/11.1sp2/nios2eds/bin/gnu/h-i686-mingw32/bin/../lib/gcc/nios2-elf/4.1.2/mno-hw-mul\libgcc.a(_unpack_df.o)
 .data          0x008191e4        0x0 c:/altera/11.1sp2/nios2eds/bin/gnu/h-i686-mingw32/bin/../lib/gcc/nios2-elf/4.1.2/mno-hw-mul\libgcc.a(_fpcmp_parts_df.o)
 .data          0x008191e4        0x0 D:/WorK/Synesthesia/wxp/synesthesia/sw_wxp/de1_limbus_bsp/\libchibios_v240_bsp.a(chdynamic.o)
 .data          0x008191e4        0x0 D:/WorK/Synesthesia/wxp/synesthesia/sw_wxp/de1_limbus_bsp/\libchibios_v240_bsp.a(chevents.o)
 .data          0x008191e4        0x0 D:/WorK/Synesthesia/wxp/synesthesia/sw_wxp/de1_limbus_bsp/\libchibios_v240_bsp.a(chheap.o)
 .data          0x008191e4        0x0 D:/WorK/Synesthesia/wxp/synesthesia/sw_wxp/de1_limbus_bsp/\libchibios_v240_bsp.a(chmemcore.o)
 .data          0x008191e4        0x0 D:/WorK/Synesthesia/wxp/synesthesia/sw_wxp/de1_limbus_bsp/\libchibios_v240_bsp.a(chmempools.o)
 .data          0x008191e4        0x0 D:/WorK/Synesthesia/wxp/synesthesia/sw_wxp/de1_limbus_bsp/\libchibios_v240_bsp.a(chmsg.o)
 .data          0x008191e4        0x0 D:/WorK/Synesthesia/wxp/synesthesia/sw_wxp/de1_limbus_bsp/\libchibios_v240_bsp.a(chmtx.o)
 .data          0x008191e4        0x0 D:/WorK/Synesthesia/wxp/synesthesia/sw_wxp/de1_limbus_bsp/\libchibios_v240_bsp.a(chschd.o)
 .data          0x008191e4        0x0 D:/WorK/Synesthesia/wxp/synesthesia/sw_wxp/de1_limbus_bsp/\libchibios_v240_bsp.a(chthreads.o)
 .data          0x008191e4        0x0 D:/WorK/Synesthesia/wxp/synesthesia/sw_wxp/de1_limbus_bsp/\libchibios_v240_bsp.a(chvt.o)
 .data          0x008191e4        0x0 D:/WorK/Synesthesia/wxp/synesthesia/sw_wxp/de1_limbus_bsp/\libchibios_v240_bsp.a(chcoreasm.o)
 .data          0x008191e4        0x0 D:/WorK/Synesthesia/wxp/synesthesia/sw_wxp/de1_limbus_bsp/\libchibios_v240_bsp.a(alt_close.o)
 .data          0x008191e4      0x1a8 D:/WorK/Synesthesia/wxp/synesthesia/sw_wxp/de1_limbus_bsp/\libchibios_v240_bsp.a(alt_dev.o)
                0x008191e4                alt_dev_null
                0x0081920c                alt_fd_list
 .data          0x0081938c        0x0 D:/WorK/Synesthesia/wxp/synesthesia/sw_wxp/de1_limbus_bsp/\libchibios_v240_bsp.a(alt_errno.o)
 .data          0x0081938c        0x0 D:/WorK/Synesthesia/wxp/synesthesia/sw_wxp/de1_limbus_bsp/\libchibios_v240_bsp.a(alt_fstat.o)
 .data          0x0081938c        0x0 D:/WorK/Synesthesia/wxp/synesthesia/sw_wxp/de1_limbus_bsp/\libchibios_v240_bsp.a(alt_getchar.o)
 .data          0x0081938c        0x0 D:/WorK/Synesthesia/wxp/synesthesia/sw_wxp/de1_limbus_bsp/\libchibios_v240_bsp.a(alt_isatty.o)
 .data          0x0081938c        0x0 D:/WorK/Synesthesia/wxp/synesthesia/sw_wxp/de1_limbus_bsp/\libchibios_v240_bsp.a(alt_load.o)
 .data          0x0081938c        0x0 D:/WorK/Synesthesia/wxp/synesthesia/sw_wxp/de1_limbus_bsp/\libchibios_v240_bsp.a(alt_lseek.o)
 .data          0x0081938c        0x0 D:/WorK/Synesthesia/wxp/synesthesia/sw_wxp/de1_limbus_bsp/\libchibios_v240_bsp.a(alt_main.o)
 .data          0x0081938c        0x0 D:/WorK/Synesthesia/wxp/synesthesia/sw_wxp/de1_limbus_bsp/\libchibios_v240_bsp.a(alt_malloc_lock.o)
 .data          0x0081938c        0x0 D:/WorK/Synesthesia/wxp/synesthesia/sw_wxp/de1_limbus_bsp/\libchibios_v240_bsp.a(alt_printf.o)
 .data          0x0081938c        0x0 D:/WorK/Synesthesia/wxp/synesthesia/sw_wxp/de1_limbus_bsp/\libchibios_v240_bsp.a(alt_putchar.o)
 .data          0x0081938c        0x0 D:/WorK/Synesthesia/wxp/synesthesia/sw_wxp/de1_limbus_bsp/\libchibios_v240_bsp.a(alt_read.o)
 .data          0x0081938c        0x0 D:/WorK/Synesthesia/wxp/synesthesia/sw_wxp/de1_limbus_bsp/\libchibios_v240_bsp.a(alt_release_fd.o)
 .data          0x0081938c        0x0 D:/WorK/Synesthesia/wxp/synesthesia/sw_wxp/de1_limbus_bsp/\libchibios_v240_bsp.a(alt_sbrk.o)
 .data          0x0081938c        0x0 D:/WorK/Synesthesia/wxp/synesthesia/sw_wxp/de1_limbus_bsp/\libchibios_v240_bsp.a(alt_write.o)
 .data          0x0081938c     0x1124 D:/WorK/Synesthesia/wxp/synesthesia/sw_wxp/de1_limbus_bsp/\libchibios_v240_bsp.a(alt_sys_init.o)
 .data          0x0081a4b0        0x0 D:/WorK/Synesthesia/wxp/synesthesia/sw_wxp/de1_limbus_bsp/\libchibios_v240_bsp.a(altera_avalon_jtag_uart_fd.o)
 .data          0x0081a4b0        0x0 D:/WorK/Synesthesia/wxp/synesthesia/sw_wxp/de1_limbus_bsp/\libchibios_v240_bsp.a(altera_avalon_jtag_uart_init.o)
 .data          0x0081a4b0        0x0 D:/WorK/Synesthesia/wxp/synesthesia/sw_wxp/de1_limbus_bsp/\libchibios_v240_bsp.a(altera_avalon_jtag_uart_ioctl.o)
 .data          0x0081a4b0        0x0 D:/WorK/Synesthesia/wxp/synesthesia/sw_wxp/de1_limbus_bsp/\libchibios_v240_bsp.a(altera_avalon_jtag_uart_read.o)
 .data          0x0081a4b0        0x0 D:/WorK/Synesthesia/wxp/synesthesia/sw_wxp/de1_limbus_bsp/\libchibios_v240_bsp.a(altera_avalon_jtag_uart_write.o)
 .data          0x0081a4b0        0x0 D:/WorK/Synesthesia/wxp/synesthesia/sw_wxp/de1_limbus_bsp/\libchibios_v240_bsp.a(altera_avalon_performance_counter.o)
 .data          0x0081a4b0        0x0 D:/WorK/Synesthesia/wxp/synesthesia/sw_wxp/de1_limbus_bsp/\libchibios_v240_bsp.a(altera_avalon_timer_sc.o)
 .data          0x0081a4b0        0x0 D:/WorK/Synesthesia/wxp/synesthesia/sw_wxp/de1_limbus_bsp/\libchibios_v240_bsp.a(altera_avalon_uart_fd.o)
 .data          0x0081a4b0        0x0 D:/WorK/Synesthesia/wxp/synesthesia/sw_wxp/de1_limbus_bsp/\libchibios_v240_bsp.a(altera_avalon_uart_init.o)
 .data          0x0081a4b0        0x0 D:/WorK/Synesthesia/wxp/synesthesia/sw_wxp/de1_limbus_bsp/\libchibios_v240_bsp.a(altera_avalon_uart_read.o)
 .data          0x0081a4b0        0x0 D:/WorK/Synesthesia/wxp/synesthesia/sw_wxp/de1_limbus_bsp/\libchibios_v240_bsp.a(altera_avalon_uart_write.o)
 .data          0x0081a4b0        0x0 D:/WorK/Synesthesia/wxp/synesthesia/sw_wxp/de1_limbus_bsp/\libchibios_v240_bsp.a(perf_print_formatted_report.o)
 .data          0x0081a4b0        0x0 D:/WorK/Synesthesia/wxp/synesthesia/sw_wxp/de1_limbus_bsp/\libchibios_v240_bsp.a(chsys.o)
 .data          0x0081a4b0        0x0 D:/WorK/Synesthesia/wxp/synesthesia/sw_wxp/de1_limbus_bsp/\libchibios_v240_bsp.a(alt_alarm_start.o)
 .data          0x0081a4b0        0x0 D:/WorK/Synesthesia/wxp/synesthesia/sw_wxp/de1_limbus_bsp/\libchibios_v240_bsp.a(alt_dcache_flush_all.o)
 .data          0x0081a4b0        0x0 D:/WorK/Synesthesia/wxp/synesthesia/sw_wxp/de1_limbus_bsp/\libchibios_v240_bsp.a(alt_dev_llist_insert.o)
 .data          0x0081a4b0        0x0 D:/WorK/Synesthesia/wxp/synesthesia/sw_wxp/de1_limbus_bsp/\libchibios_v240_bsp.a(alt_do_ctors.o)
 .data          0x0081a4b0        0x0 D:/WorK/Synesthesia/wxp/synesthesia/sw_wxp/de1_limbus_bsp/\libchibios_v240_bsp.a(alt_do_dtors.o)
 .data          0x0081a4b0        0x0 D:/WorK/Synesthesia/wxp/synesthesia/sw_wxp/de1_limbus_bsp/\libchibios_v240_bsp.a(alt_icache_flush_all.o)
 .data          0x0081a4b0        0x0 D:/WorK/Synesthesia/wxp/synesthesia/sw_wxp/de1_limbus_bsp/\libchibios_v240_bsp.a(alt_iic.o)
 .data          0x0081a4b0        0x0 D:/WorK/Synesthesia/wxp/synesthesia/sw_wxp/de1_limbus_bsp/\libchibios_v240_bsp.a(alt_iic_isr_register.o)
 .data          0x0081a4b0        0x0 D:/WorK/Synesthesia/wxp/synesthesia/sw_wxp/de1_limbus_bsp/\libchibios_v240_bsp.a(alt_io_redirect.o)
 .data          0x0081a4b0        0x0 D:/WorK/Synesthesia/wxp/synesthesia/sw_wxp/de1_limbus_bsp/\libchibios_v240_bsp.a(alt_irq_entry.o)
 .data          0x0081a4b0        0x0 D:/WorK/Synesthesia/wxp/synesthesia/sw_wxp/de1_limbus_bsp/\libchibios_v240_bsp.a(alt_irq_handler.o)
 .data          0x0081a4b0        0x0 D:/WorK/Synesthesia/wxp/synesthesia/sw_wxp/de1_limbus_bsp/\libchibios_v240_bsp.a(alt_irq_vars.o)
 .data          0x0081a4b0        0x0 D:/WorK/Synesthesia/wxp/synesthesia/sw_wxp/de1_limbus_bsp/\libchibios_v240_bsp.a(alt_open.o)
 .data          0x0081a4b0        0x0 D:/WorK/Synesthesia/wxp/synesthesia/sw_wxp/de1_limbus_bsp/\libchibios_v240_bsp.a(alt_tick.o)
 .data          0x0081a4b0        0x0 D:/WorK/Synesthesia/wxp/synesthesia/sw_wxp/de1_limbus_bsp/\libchibios_v240_bsp.a(altera_nios2_qsys_irq.o)
 .data          0x0081a4b0        0x0 D:/WorK/Synesthesia/wxp/synesthesia/sw_wxp/de1_limbus_bsp/\libchibios_v240_bsp.a(chcore.o)
 .data          0x0081a4b0        0x0 D:/WorK/Synesthesia/wxp/synesthesia/sw_wxp/de1_limbus_bsp/\libchibios_v240_bsp.a(alt_exception_entry.o)
 .data          0x0081a4b0        0x0 D:/WorK/Synesthesia/wxp/synesthesia/sw_wxp/de1_limbus_bsp/\libchibios_v240_bsp.a(alt_find_dev.o)
 .data          0x0081a4b0        0x0 D:/WorK/Synesthesia/wxp/synesthesia/sw_wxp/de1_limbus_bsp/\libchibios_v240_bsp.a(alt_find_file.o)
 .data          0x0081a4b0        0x0 D:/WorK/Synesthesia/wxp/synesthesia/sw_wxp/de1_limbus_bsp/\libchibios_v240_bsp.a(alt_get_fd.o)
 .data          0x0081a4b0        0x0 c:/altera/11.1sp2/nios2eds/bin/gnu/h-i686-mingw32/bin/../lib/gcc/nios2-elf/4.1.2/../../../../nios2-elf/lib/mno-hw-mul\libc.a(lib_a-atexit.o)
 .data          0x0081a4b0        0x0 c:/altera/11.1sp2/nios2eds/bin/gnu/h-i686-mingw32/bin/../lib/gcc/nios2-elf/4.1.2/../../../../nios2-elf/lib/mno-hw-mul\libc.a(lib_a-exit.o)
 .data          0x0081a4b0        0x0 c:/altera/11.1sp2/nios2eds/bin/gnu/h-i686-mingw32/bin/../lib/gcc/nios2-elf/4.1.2/../../../../nios2-elf/lib/mno-hw-mul\libc.a(lib_a-getc.o)
 .data          0x0081a4b0        0x0 c:/altera/11.1sp2/nios2eds/bin/gnu/h-i686-mingw32/bin/../lib/gcc/nios2-elf/4.1.2/../../../../nios2-elf/lib/mno-hw-mul\libc.a(lib_a-memcmp.o)
 .data          0x0081a4b0        0x0 c:/altera/11.1sp2/nios2eds/bin/gnu/h-i686-mingw32/bin/../lib/gcc/nios2-elf/4.1.2/../../../../nios2-elf/lib/mno-hw-mul\libc.a(lib_a-putc.o)
 .data          0x0081a4b0        0x0 c:/altera/11.1sp2/nios2eds/bin/gnu/h-i686-mingw32/bin/../lib/gcc/nios2-elf/4.1.2/../../../../nios2-elf/lib/mno-hw-mul\libc.a(lib_a-rget.o)
 .data          0x0081a4b0        0x0 c:/altera/11.1sp2/nios2eds/bin/gnu/h-i686-mingw32/bin/../lib/gcc/nios2-elf/4.1.2/../../../../nios2-elf/lib/mno-hw-mul\libc.a(lib_a-wbuf.o)
 .data          0x0081a4b0        0x0 c:/altera/11.1sp2/nios2eds/bin/gnu/h-i686-mingw32/bin/../lib/gcc/nios2-elf/4.1.2/../../../../nios2-elf/lib/mno-hw-mul\libc.a(lib_a-__atexit.o)
 .data          0x0081a4b0        0x0 c:/altera/11.1sp2/nios2eds/bin/gnu/h-i686-mingw32/bin/../lib/gcc/nios2-elf/4.1.2/../../../../nios2-elf/lib/mno-hw-mul\libc.a(lib_a-__call_atexit.o)
 .data          0x0081a4b0        0x0 c:/altera/11.1sp2/nios2eds/bin/gnu/h-i686-mingw32/bin/../lib/gcc/nios2-elf/4.1.2/../../../../nios2-elf/lib/mno-hw-mul\libc.a(lib_a-refill.o)
 .data          0x0081a4b0        0x0 c:/altera/11.1sp2/nios2eds/bin/gnu/h-i686-mingw32/bin/../lib/gcc/nios2-elf/4.1.2/mno-hw-mul\libgcc.a(_floatundidf.o)
 .data          0x0081a4b0        0x0 D:/WorK/Synesthesia/wxp/synesthesia/sw_wxp/de1_limbus_bsp/\libchibios_v240_bsp.a(alt_exit.o)
                0x008224b0                _gp = ABSOLUTE ((. + 0x8000))
                0x008224b0                PROVIDE (gp, _gp)
 *(.rwdata .rwdata.*)
 *(.sdata .sdata.* .gnu.linkonce.s.*)
 .sdata         0x0081a4b0        0x8 obj/default/ledos/codec/codec.o
 .sdata         0x0081a4b8        0x1 obj/default/ledos/fatfs/diskio.o
 *fill*         0x0081a4b9        0x3 00
 .sdata         0x0081a4bc        0x4 obj/default/ledos/shell/bash.o
 .sdata         0x0081a4c0        0x4 c:/altera/11.1sp2/nios2eds/bin/gnu/h-i686-mingw32/bin/../lib/gcc/nios2-elf/4.1.2/../../../../nios2-elf/lib/mno-hw-mul\libc.a(lib_a-ctype_.o)
                0x0081a4c0                __ctype_ptr
 .sdata         0x0081a4c4        0x8 c:/altera/11.1sp2/nios2eds/bin/gnu/h-i686-mingw32/bin/../lib/gcc/nios2-elf/4.1.2/../../../../nios2-elf/lib/mno-hw-mul\libc.a(lib_a-impure.o)
                0x0081a4c4                _impure_ptr
                0x0081a4c8                _global_impure_ptr
 .sdata         0x0081a4cc        0x8 c:/altera/11.1sp2/nios2eds/bin/gnu/h-i686-mingw32/bin/../lib/gcc/nios2-elf/4.1.2/../../../../nios2-elf/lib/mno-hw-mul\libc.a(lib_a-locale.o)
                0x0081a4cc                __mb_cur_max
 .sdata         0x0081a4d4        0x8 c:/altera/11.1sp2/nios2eds/bin/gnu/h-i686-mingw32/bin/../lib/gcc/nios2-elf/4.1.2/../../../../nios2-elf/lib/mno-hw-mul\libc.a(lib_a-mallocr.o)
                0x0081a4d4                __malloc_trim_threshold
                0x0081a4d8                __malloc_sbrk_base
 .sdata         0x0081a4dc       0x14 D:/WorK/Synesthesia/wxp/synesthesia/sw_wxp/de1_limbus_bsp/\libchibios_v240_bsp.a(alt_dev.o)
                0x0081a4dc                alt_fs_list
                0x0081a4e4                alt_dev_list
                0x0081a4ec                alt_max_fd
 .sdata         0x0081a4f0        0x4 D:/WorK/Synesthesia/wxp/synesthesia/sw_wxp/de1_limbus_bsp/\libchibios_v240_bsp.a(alt_errno.o)
                0x0081a4f0                alt_errno
 .sdata         0x0081a4f4        0x4 D:/WorK/Synesthesia/wxp/synesthesia/sw_wxp/de1_limbus_bsp/\libchibios_v240_bsp.a(alt_sbrk.o)
 .sdata         0x0081a4f8        0x4 D:/WorK/Synesthesia/wxp/synesthesia/sw_wxp/de1_limbus_bsp/\libchibios_v240_bsp.a(alt_irq_vars.o)
                0x0081a4f8                alt_priority_mask
 .sdata         0x0081a4fc        0x8 D:/WorK/Synesthesia/wxp/synesthesia/sw_wxp/de1_limbus_bsp/\libchibios_v240_bsp.a(alt_tick.o)
                0x0081a4fc                alt_alarm_list
 *(.sdata2 .sdata2.* .gnu.linkonce.s2.*)
                0x0081a504                . = ALIGN (0x4)
                0x0081a504                _edata = ABSOLUTE (.)
                0x0081a504                PROVIDE (edata, ABSOLUTE (.))
                0x0081a504                PROVIDE (__ram_rwdata_end, ABSOLUTE (.))
                0x0081a504                PROVIDE (__flash_rwdata_start, LOADADDR (.rwdata))

.bss            0x0081c050    0x22ea0
                0x0081c050                __bss_start = ABSOLUTE (.)
                0x0081c050                PROVIDE (__sbss_start, ABSOLUTE (.))
                0x0081c050                PROVIDE (___sbss_start, ABSOLUTE (.))
 *(.dynsbss)
 *(.sbss .sbss.* .gnu.linkonce.sb.*)
 .sbss          0x0081c050        0x1 obj/default/ledos/fatfs/diskio.o
 *fill*         0x0081c051        0x3 00
 .sbss          0x0081c054        0x8 obj/default/ledos/fatfs/ff.o
 .sbss          0x0081c05c        0x4 obj/default/ledos/ledos.o
 .sbss          0x0081c060       0x10 obj/default/ledos/shell/bash.o
 .sbss          0x0081c070        0x4 obj/default/ledos/shell/bash.o
                0x0081c070                bash_rc
 .sbss          0x0081c074        0x4 obj/default/ledos/shell/shell.o
                0x0081c074                shell_terminated
 .sbss          0x0081c078        0xc c:/altera/11.1sp2/nios2eds/bin/gnu/h-i686-mingw32/bin/../lib/gcc/nios2-elf/4.1.2/../../../../nios2-elf/lib/mno-hw-mul\libc.a(lib_a-locale.o)
                0x0081c078                __nlocale_changed
                0x0081c07c                __mlocale_changed
                0x0081c080                _PathLocale
 .sbss          0x0081c084        0xc c:/altera/11.1sp2/nios2eds/bin/gnu/h-i686-mingw32/bin/../lib/gcc/nios2-elf/4.1.2/../../../../nios2-elf/lib/mno-hw-mul\libc.a(lib_a-mallocr.o)
                0x0081c084                __malloc_top_pad
                0x0081c088                __malloc_max_sbrked_mem
                0x0081c08c                __malloc_max_total_mem
 .sbss          0x0081c090        0x4 c:/altera/11.1sp2/nios2eds/bin/gnu/h-i686-mingw32/bin/../lib/gcc/nios2-elf/4.1.2/../../../../nios2-elf/lib/mno-hw-mul\libc.a(lib_a-int_errno.o)
                0x0081c090                errno
 .sbss          0x0081c094        0x8 D:/WorK/Synesthesia/wxp/synesthesia/sw_wxp/de1_limbus_bsp/\libchibios_v240_bsp.a(chmemcore.o)
 .sbss          0x0081c09c        0xc D:/WorK/Synesthesia/wxp/synesthesia/sw_wxp/de1_limbus_bsp/\libchibios_v240_bsp.a(alt_main.o)
                0x0081c09c                alt_argc
                0x0081c0a0                alt_argv
                0x0081c0a4                alt_envp
 .sbss          0x0081c0a8        0x4 D:/WorK/Synesthesia/wxp/synesthesia/sw_wxp/de1_limbus_bsp/\libchibios_v240_bsp.a(alt_irq_vars.o)
                0x0081c0a8                alt_irq_active
 .sbss          0x0081c0ac        0x8 D:/WorK/Synesthesia/wxp/synesthesia/sw_wxp/de1_limbus_bsp/\libchibios_v240_bsp.a(alt_tick.o)
                0x0081c0ac                _alt_tick_rate
                0x0081c0b0                _alt_nticks
 *(.sbss2 .sbss2.* .gnu.linkonce.sb2.*)
 *(.scommon)
                0x0081c0b4                PROVIDE (__sbss_end, ABSOLUTE (.))
                0x0081c0b4                PROVIDE (___sbss_end, ABSOLUTE (.))
 *(.dynbss)
 *(.bss .bss.* .gnu.linkonce.b.*)
 .bss           0x0081c0b4        0x0 D:/WorK/Synesthesia/wxp/synesthesia/sw_wxp/de1_limbus_bsp//obj/HAL/src/crt0.o
 .bss           0x0081c0b4       0x16 obj/default/ledos/codec/codec.o
 .bss           0x0081c0ca        0x0 obj/default/ledos/cortex/acortex/acortex.o
 .bss           0x0081c0ca        0x0 obj/default/ledos/cortex/acortex/dac/dac_drvr.o
 .bss           0x0081c0ca        0x0 obj/default/ledos/cortex/acortex/i2c/i2c_drvr.o
 .bss           0x0081c0ca        0x0 obj/default/ledos/cortex/acortex/prsr/prsr.o
 .bss           0x0081c0ca        0x0 obj/default/ledos/cortex/acortex/sram/sram.o
 .bss           0x0081c0ca        0x0 obj/default/ledos/cortex/cortex.o
 .bss           0x0081c0ca        0x0 obj/default/ledos/cortex/fgyrus/fgyrus.o
 .bss           0x0081c0ca        0x0 obj/default/ledos/cortex/vcortex/vcortex.o
 .bss           0x0081c0ca        0x0 obj/default/ledos/fatfs/diskio.o
 .bss           0x0081c0ca        0x0 obj/default/ledos/fatfs/ff.o
 .bss           0x0081c0ca        0x0 obj/default/ledos/fft_cache/fft_cache.o
 *fill*         0x0081c0ca        0x2 00
 .bss           0x0081c0cc    0x12680 obj/default/ledos/ledos.o
 .bss           0x0082e74c        0x0 obj/default/ledos/lsd/lsd.o
 .bss           0x0082e74c        0x0 obj/default/ledos/shell/bash.o
 .bss           0x0082e74c        0x0 obj/default/ledos/shell/shell.o
 .bss           0x0082e74c        0x0 obj/default/main.o
 .bss           0x0082e74c        0x0 c:/altera/11.1sp2/nios2eds/bin/gnu/h-i686-mingw32/bin/../lib/gcc/nios2-elf/4.1.2/mno-hw-mul\libgcc.a(lib2-divmod.o)
 .bss           0x0082e74c        0x0 c:/altera/11.1sp2/nios2eds/bin/gnu/h-i686-mingw32/bin/../lib/gcc/nios2-elf/4.1.2/mno-hw-mul\libgcc.a(lib2-mul.o)
 .bss           0x0082e74c        0x0 c:/altera/11.1sp2/nios2eds/bin/gnu/h-i686-mingw32/bin/../lib/gcc/nios2-elf/4.1.2/../../../../nios2-elf/lib/mno-hw-mul\libc.a(lib_a-printf.o)
 .bss           0x0082e74c        0x0 c:/altera/11.1sp2/nios2eds/bin/gnu/h-i686-mingw32/bin/../lib/gcc/nios2-elf/4.1.2/../../../../nios2-elf/lib/mno-hw-mul\libc.a(lib_a-strcasecmp.o)
 .bss           0x0082e74c        0x0 c:/altera/11.1sp2/nios2eds/bin/gnu/h-i686-mingw32/bin/../lib/gcc/nios2-elf/4.1.2/../../../../nios2-elf/lib/mno-hw-mul\libc.a(lib_a-strpbrk.o)
 .bss           0x0082e74c        0x0 c:/altera/11.1sp2/nios2eds/bin/gnu/h-i686-mingw32/bin/../lib/gcc/nios2-elf/4.1.2/../../../../nios2-elf/lib/mno-hw-mul\libc.a(lib_a-strspn.o)
 .bss           0x0082e74c        0x0 c:/altera/11.1sp2/nios2eds/bin/gnu/h-i686-mingw32/bin/../lib/gcc/nios2-elf/4.1.2/../../../../nios2-elf/lib/mno-hw-mul\libc.a(lib_a-vfprintf.o)
 .bss           0x0082e74c        0x0 c:/altera/11.1sp2/nios2eds/bin/gnu/h-i686-mingw32/bin/../lib/gcc/nios2-elf/4.1.2/../../../../nios2-elf/lib/mno-hw-mul\libc.a(lib_a-wsetup.o)
 .bss           0x0082e74c        0x0 c:/altera/11.1sp2/nios2eds/bin/gnu/h-i686-mingw32/bin/../lib/gcc/nios2-elf/4.1.2/../../../../nios2-elf/lib/mno-hw-mul\libc.a(lib_a-ctype_.o)
 .bss           0x0082e74c        0x0 c:/altera/11.1sp2/nios2eds/bin/gnu/h-i686-mingw32/bin/../lib/gcc/nios2-elf/4.1.2/../../../../nios2-elf/lib/mno-hw-mul\libc.a(lib_a-dtoa.o)
 .bss           0x0082e74c        0x0 c:/altera/11.1sp2/nios2eds/bin/gnu/h-i686-mingw32/bin/../lib/gcc/nios2-elf/4.1.2/../../../../nios2-elf/lib/mno-hw-mul\libc.a(lib_a-fflush.o)
 .bss           0x0082e74c        0x0 c:/altera/11.1sp2/nios2eds/bin/gnu/h-i686-mingw32/bin/../lib/gcc/nios2-elf/4.1.2/../../../../nios2-elf/lib/mno-hw-mul\libc.a(lib_a-findfp.o)
 .bss           0x0082e74c        0x0 c:/altera/11.1sp2/nios2eds/bin/gnu/h-i686-mingw32/bin/../lib/gcc/nios2-elf/4.1.2/../../../../nios2-elf/lib/mno-hw-mul\libc.a(lib_a-freer.o)
 .bss           0x0082e74c        0x0 c:/altera/11.1sp2/nios2eds/bin/gnu/h-i686-mingw32/bin/../lib/gcc/nios2-elf/4.1.2/../../../../nios2-elf/lib/mno-hw-mul\libc.a(lib_a-fvwrite.o)
 .bss           0x0082e74c        0x0 c:/altera/11.1sp2/nios2eds/bin/gnu/h-i686-mingw32/bin/../lib/gcc/nios2-elf/4.1.2/../../../../nios2-elf/lib/mno-hw-mul\libc.a(lib_a-fwalk.o)
 .bss           0x0082e74c        0x0 c:/altera/11.1sp2/nios2eds/bin/gnu/h-i686-mingw32/bin/../lib/gcc/nios2-elf/4.1.2/../../../../nios2-elf/lib/mno-hw-mul\libc.a(lib_a-impure.o)
 .bss           0x0082e74c        0x0 c:/altera/11.1sp2/nios2eds/bin/gnu/h-i686-mingw32/bin/../lib/gcc/nios2-elf/4.1.2/../../../../nios2-elf/lib/mno-hw-mul\libc.a(lib_a-locale.o)
 .bss           0x0082e74c        0x0 c:/altera/11.1sp2/nios2eds/bin/gnu/h-i686-mingw32/bin/../lib/gcc/nios2-elf/4.1.2/../../../../nios2-elf/lib/mno-hw-mul\libc.a(lib_a-makebuf.o)
 .bss           0x0082e74c       0x28 c:/altera/11.1sp2/nios2eds/bin/gnu/h-i686-mingw32/bin/../lib/gcc/nios2-elf/4.1.2/../../../../nios2-elf/lib/mno-hw-mul\libc.a(lib_a-mallocr.o)
                0x0082e74c                __malloc_current_mallinfo
 .bss           0x0082e774        0x0 c:/altera/11.1sp2/nios2eds/bin/gnu/h-i686-mingw32/bin/../lib/gcc/nios2-elf/4.1.2/../../../../nios2-elf/lib/mno-hw-mul\libc.a(lib_a-memchr.o)
 .bss           0x0082e774        0x0 c:/altera/11.1sp2/nios2eds/bin/gnu/h-i686-mingw32/bin/../lib/gcc/nios2-elf/4.1.2/../../../../nios2-elf/lib/mno-hw-mul\libc.a(lib_a-memcpy.o)
 .bss           0x0082e774        0x0 c:/altera/11.1sp2/nios2eds/bin/gnu/h-i686-mingw32/bin/../lib/gcc/nios2-elf/4.1.2/../../../../nios2-elf/lib/mno-hw-mul\libc.a(lib_a-memmove.o)
 .bss           0x0082e774        0x0 c:/altera/11.1sp2/nios2eds/bin/gnu/h-i686-mingw32/bin/../lib/gcc/nios2-elf/4.1.2/../../../../nios2-elf/lib/mno-hw-mul\libc.a(lib_a-memset.o)
 .bss           0x0082e774        0x0 c:/altera/11.1sp2/nios2eds/bin/gnu/h-i686-mingw32/bin/../lib/gcc/nios2-elf/4.1.2/../../../../nios2-elf/lib/mno-hw-mul\libc.a(lib_a-mprec.o)
 .bss           0x0082e774        0x0 c:/altera/11.1sp2/nios2eds/bin/gnu/h-i686-mingw32/bin/../lib/gcc/nios2-elf/4.1.2/../../../../nios2-elf/lib/mno-hw-mul\libc.a(lib_a-reallocr.o)
 .bss           0x0082e774        0x0 c:/altera/11.1sp2/nios2eds/bin/gnu/h-i686-mingw32/bin/../lib/gcc/nios2-elf/4.1.2/../../../../nios2-elf/lib/mno-hw-mul\libc.a(lib_a-s_isinfd.o)
 .bss           0x0082e774        0x0 c:/altera/11.1sp2/nios2eds/bin/gnu/h-i686-mingw32/bin/../lib/gcc/nios2-elf/4.1.2/../../../../nios2-elf/lib/mno-hw-mul\libc.a(lib_a-s_isnand.o)
 .bss           0x0082e774        0x0 c:/altera/11.1sp2/nios2eds/bin/gnu/h-i686-mingw32/bin/../lib/gcc/nios2-elf/4.1.2/../../../../nios2-elf/lib/mno-hw-mul\libc.a(lib_a-sbrkr.o)
 .bss           0x0082e774        0x0 c:/altera/11.1sp2/nios2eds/bin/gnu/h-i686-mingw32/bin/../lib/gcc/nios2-elf/4.1.2/../../../../nios2-elf/lib/mno-hw-mul\libc.a(lib_a-stdio.o)
 .bss           0x0082e774        0x0 c:/altera/11.1sp2/nios2eds/bin/gnu/h-i686-mingw32/bin/../lib/gcc/nios2-elf/4.1.2/../../../../nios2-elf/lib/mno-hw-mul\libc.a(lib_a-strcmp.o)
 .bss           0x0082e774        0x0 c:/altera/11.1sp2/nios2eds/bin/gnu/h-i686-mingw32/bin/../lib/gcc/nios2-elf/4.1.2/../../../../nios2-elf/lib/mno-hw-mul\libc.a(lib_a-strlen.o)
 .bss           0x0082e774        0x0 c:/altera/11.1sp2/nios2eds/bin/gnu/h-i686-mingw32/bin/../lib/gcc/nios2-elf/4.1.2/../../../../nios2-elf/lib/mno-hw-mul\libc.a(lib_a-writer.o)
 .bss           0x0082e774        0x0 c:/altera/11.1sp2/nios2eds/bin/gnu/h-i686-mingw32/bin/../lib/gcc/nios2-elf/4.1.2/../../../../nios2-elf/lib/mno-hw-mul\libc.a(lib_a-callocr.o)
 .bss           0x0082e774        0x0 c:/altera/11.1sp2/nios2eds/bin/gnu/h-i686-mingw32/bin/../lib/gcc/nios2-elf/4.1.2/../../../../nios2-elf/lib/mno-hw-mul\libc.a(lib_a-closer.o)
 .bss           0x0082e774        0x0 c:/altera/11.1sp2/nios2eds/bin/gnu/h-i686-mingw32/bin/../lib/gcc/nios2-elf/4.1.2/../../../../nios2-elf/lib/mno-hw-mul\libc.a(lib_a-fclose.o)
 .bss           0x0082e774        0x0 c:/altera/11.1sp2/nios2eds/bin/gnu/h-i686-mingw32/bin/../lib/gcc/nios2-elf/4.1.2/../../../../nios2-elf/lib/mno-hw-mul\libc.a(lib_a-fstatr.o)
 .bss           0x0082e774        0x0 c:/altera/11.1sp2/nios2eds/bin/gnu/h-i686-mingw32/bin/../lib/gcc/nios2-elf/4.1.2/../../../../nios2-elf/lib/mno-hw-mul\libc.a(lib_a-int_errno.o)
 .bss           0x0082e774        0x0 c:/altera/11.1sp2/nios2eds/bin/gnu/h-i686-mingw32/bin/../lib/gcc/nios2-elf/4.1.2/../../../../nios2-elf/lib/mno-hw-mul\libc.a(lib_a-isattyr.o)
 .bss           0x0082e774        0x0 c:/altera/11.1sp2/nios2eds/bin/gnu/h-i686-mingw32/bin/../lib/gcc/nios2-elf/4.1.2/../../../../nios2-elf/lib/mno-hw-mul\libc.a(lib_a-lseekr.o)
 .bss           0x0082e774        0x0 c:/altera/11.1sp2/nios2eds/bin/gnu/h-i686-mingw32/bin/../lib/gcc/nios2-elf/4.1.2/../../../../nios2-elf/lib/mno-hw-mul\libc.a(lib_a-readr.o)
 .bss           0x0082e774        0x0 c:/altera/11.1sp2/nios2eds/bin/gnu/h-i686-mingw32/bin/../lib/gcc/nios2-elf/4.1.2/mno-hw-mul\libgcc.a(_udivdi3.o)
 .bss           0x0082e774        0x0 c:/altera/11.1sp2/nios2eds/bin/gnu/h-i686-mingw32/bin/../lib/gcc/nios2-elf/4.1.2/mno-hw-mul\libgcc.a(_umoddi3.o)
 .bss           0x0082e774        0x0 c:/altera/11.1sp2/nios2eds/bin/gnu/h-i686-mingw32/bin/../lib/gcc/nios2-elf/4.1.2/mno-hw-mul\libgcc.a(_addsub_df.o)
 .bss           0x0082e774        0x0 c:/altera/11.1sp2/nios2eds/bin/gnu/h-i686-mingw32/bin/../lib/gcc/nios2-elf/4.1.2/mno-hw-mul\libgcc.a(_mul_df.o)
 .bss           0x0082e774        0x0 c:/altera/11.1sp2/nios2eds/bin/gnu/h-i686-mingw32/bin/../lib/gcc/nios2-elf/4.1.2/mno-hw-mul\libgcc.a(_div_df.o)
 .bss           0x0082e774        0x0 c:/altera/11.1sp2/nios2eds/bin/gnu/h-i686-mingw32/bin/../lib/gcc/nios2-elf/4.1.2/mno-hw-mul\libgcc.a(_eq_df.o)
 .bss           0x0082e774        0x0 c:/altera/11.1sp2/nios2eds/bin/gnu/h-i686-mingw32/bin/../lib/gcc/nios2-elf/4.1.2/mno-hw-mul\libgcc.a(_ne_df.o)
 .bss           0x0082e774        0x0 c:/altera/11.1sp2/nios2eds/bin/gnu/h-i686-mingw32/bin/../lib/gcc/nios2-elf/4.1.2/mno-hw-mul\libgcc.a(_gt_df.o)
 .bss           0x0082e774        0x0 c:/altera/11.1sp2/nios2eds/bin/gnu/h-i686-mingw32/bin/../lib/gcc/nios2-elf/4.1.2/mno-hw-mul\libgcc.a(_ge_df.o)
 .bss           0x0082e774        0x0 c:/altera/11.1sp2/nios2eds/bin/gnu/h-i686-mingw32/bin/../lib/gcc/nios2-elf/4.1.2/mno-hw-mul\libgcc.a(_lt_df.o)
 .bss           0x0082e774        0x0 c:/altera/11.1sp2/nios2eds/bin/gnu/h-i686-mingw32/bin/../lib/gcc/nios2-elf/4.1.2/mno-hw-mul\libgcc.a(_si_to_df.o)
 .bss           0x0082e774        0x0 c:/altera/11.1sp2/nios2eds/bin/gnu/h-i686-mingw32/bin/../lib/gcc/nios2-elf/4.1.2/mno-hw-mul\libgcc.a(_df_to_si.o)
 .bss           0x0082e774        0x0 c:/altera/11.1sp2/nios2eds/bin/gnu/h-i686-mingw32/bin/../lib/gcc/nios2-elf/4.1.2/mno-hw-mul\libgcc.a(_thenan_df.o)
 .bss           0x0082e774        0x0 c:/altera/11.1sp2/nios2eds/bin/gnu/h-i686-mingw32/bin/../lib/gcc/nios2-elf/4.1.2/mno-hw-mul\libgcc.a(_usi_to_df.o)